2026-02-11,11:59:14 | INFO | Running with a single process. Device cuda.
2026-02-11,11:59:16 | INFO | Loaded hf-hub:microsoft/BiomedCLIP-PubMedBERT_256-vit_base_patch16_224 model config.
2026-02-11,11:59:19 | INFO | Loading pretrained hf-hub:microsoft/BiomedCLIP-PubMedBERT_256-vit_base_patch16_224 weights (./logs_finetuning/egobridge_stage1_pos_pos_20260211_115516/checkpoints/epoch_10.pt).
2026-02-11,11:59:21 | INFO | Model:
2026-02-11,11:59:21 | INFO | CustomTextCLIP(
  (visual): TimmModel(
    (trunk): VisionTransformer(
      (patch_embed): PatchEmbed(
        (proj): Conv2d(3, 768, kernel_size=(16, 16), stride=(16, 16))
        (norm): Identity()
      )
      (pos_drop): Dropout(p=0.0, inplace=False)
      (patch_drop): Identity()
      (norm_pre): Identity()
      (blocks): Sequential(
        (0): Block(
          (norm1): LayerNorm((768,), eps=1e-06, elementwise_affine=True)
          (attn): Attention(
            (qkv): Linear(in_features=768, out_features=2304, bias=True)
            (q_norm): Identity()
            (k_norm): Identity()
            (attn_drop): Dropout(p=0.0, inplace=False)
            (norm): Identity()
            (proj): Linear(in_features=768, out_features=768, bias=True)
            (proj_drop): Dropout(p=0.0, inplace=False)
          )
          (ls1): Identity()
          (drop_path1): Identity()
          (norm2): LayerNorm((768,), eps=1e-06, elementwise_affine=True)
          (mlp): Mlp(
            (fc1): Linear(in_features=768, out_features=3072, bias=True)
            (act): GELU(approximate='none')
            (drop1): Dropout(p=0.0, inplace=False)
            (norm): Identity()
            (fc2): Linear(in_features=3072, out_features=768, bias=True)
            (drop2): Dropout(p=0.0, inplace=False)
          )
          (ls2): Identity()
          (drop_path2): Identity()
        )
        (1): Block(
          (norm1): LayerNorm((768,), eps=1e-06, elementwise_affine=True)
          (attn): Attention(
            (qkv): Linear(in_features=768, out_features=2304, bias=True)
            (q_norm): Identity()
            (k_norm): Identity()
            (attn_drop): Dropout(p=0.0, inplace=False)
            (norm): Identity()
            (proj): Linear(in_features=768, out_features=768, bias=True)
            (proj_drop): Dropout(p=0.0, inplace=False)
          )
          (ls1): Identity()
          (drop_path1): Identity()
          (norm2): LayerNorm((768,), eps=1e-06, elementwise_affine=True)
          (mlp): Mlp(
            (fc1): Linear(in_features=768, out_features=3072, bias=True)
            (act): GELU(approximate='none')
            (drop1): Dropout(p=0.0, inplace=False)
            (norm): Identity()
            (fc2): Linear(in_features=3072, out_features=768, bias=True)
            (drop2): Dropout(p=0.0, inplace=False)
          )
          (ls2): Identity()
          (drop_path2): Identity()
        )
        (2): Block(
          (norm1): LayerNorm((768,), eps=1e-06, elementwise_affine=True)
          (attn): Attention(
            (qkv): Linear(in_features=768, out_features=2304, bias=True)
            (q_norm): Identity()
            (k_norm): Identity()
            (attn_drop): Dropout(p=0.0, inplace=False)
            (norm): Identity()
            (proj): Linear(in_features=768, out_features=768, bias=True)
            (proj_drop): Dropout(p=0.0, inplace=False)
          )
          (ls1): Identity()
          (drop_path1): Identity()
          (norm2): LayerNorm((768,), eps=1e-06, elementwise_affine=True)
          (mlp): Mlp(
            (fc1): Linear(in_features=768, out_features=3072, bias=True)
            (act): GELU(approximate='none')
            (drop1): Dropout(p=0.0, inplace=False)
            (norm): Identity()
            (fc2): Linear(in_features=3072, out_features=768, bias=True)
            (drop2): Dropout(p=0.0, inplace=False)
          )
          (ls2): Identity()
          (drop_path2): Identity()
        )
        (3): Block(
          (norm1): LayerNorm((768,), eps=1e-06, elementwise_affine=True)
          (attn): Attention(
            (qkv): Linear(in_features=768, out_features=2304, bias=True)
            (q_norm): Identity()
            (k_norm): Identity()
            (attn_drop): Dropout(p=0.0, inplace=False)
            (norm): Identity()
            (proj): Linear(in_features=768, out_features=768, bias=True)
            (proj_drop): Dropout(p=0.0, inplace=False)
          )
          (ls1): Identity()
          (drop_path1): Identity()
          (norm2): LayerNorm((768,), eps=1e-06, elementwise_affine=True)
          (mlp): Mlp(
            (fc1): Linear(in_features=768, out_features=3072, bias=True)
            (act): GELU(approximate='none')
            (drop1): Dropout(p=0.0, inplace=False)
            (norm): Identity()
            (fc2): Linear(in_features=3072, out_features=768, bias=True)
            (drop2): Dropout(p=0.0, inplace=False)
          )
          (ls2): Identity()
          (drop_path2): Identity()
        )
        (4): Block(
          (norm1): LayerNorm((768,), eps=1e-06, elementwise_affine=True)
          (attn): Attention(
            (qkv): Linear(in_features=768, out_features=2304, bias=True)
            (q_norm): Identity()
            (k_norm): Identity()
            (attn_drop): Dropout(p=0.0, inplace=False)
            (norm): Identity()
            (proj): Linear(in_features=768, out_features=768, bias=True)
            (proj_drop): Dropout(p=0.0, inplace=False)
          )
          (ls1): Identity()
          (drop_path1): Identity()
          (norm2): LayerNorm((768,), eps=1e-06, elementwise_affine=True)
          (mlp): Mlp(
            (fc1): Linear(in_features=768, out_features=3072, bias=True)
            (act): GELU(approximate='none')
            (drop1): Dropout(p=0.0, inplace=False)
            (norm): Identity()
            (fc2): Linear(in_features=3072, out_features=768, bias=True)
            (drop2): Dropout(p=0.0, inplace=False)
          )
          (ls2): Identity()
          (drop_path2): Identity()
        )
        (5): Block(
          (norm1): LayerNorm((768,), eps=1e-06, elementwise_affine=True)
          (attn): Attention(
            (qkv): Linear(in_features=768, out_features=2304, bias=True)
            (q_norm): Identity()
            (k_norm): Identity()
            (attn_drop): Dropout(p=0.0, inplace=False)
            (norm): Identity()
            (proj): Linear(in_features=768, out_features=768, bias=True)
            (proj_drop): Dropout(p=0.0, inplace=False)
          )
          (ls1): Identity()
          (drop_path1): Identity()
          (norm2): LayerNorm((768,), eps=1e-06, elementwise_affine=True)
          (mlp): Mlp(
            (fc1): Linear(in_features=768, out_features=3072, bias=True)
            (act): GELU(approximate='none')
            (drop1): Dropout(p=0.0, inplace=False)
            (norm): Identity()
            (fc2): Linear(in_features=3072, out_features=768, bias=True)
            (drop2): Dropout(p=0.0, inplace=False)
          )
          (ls2): Identity()
          (drop_path2): Identity()
        )
        (6): Block(
          (norm1): LayerNorm((768,), eps=1e-06, elementwise_affine=True)
          (attn): Attention(
            (qkv): Linear(in_features=768, out_features=2304, bias=True)
            (q_norm): Identity()
            (k_norm): Identity()
            (attn_drop): Dropout(p=0.0, inplace=False)
            (norm): Identity()
            (proj): Linear(in_features=768, out_features=768, bias=True)
            (proj_drop): Dropout(p=0.0, inplace=False)
          )
          (ls1): Identity()
          (drop_path1): Identity()
          (norm2): LayerNorm((768,), eps=1e-06, elementwise_affine=True)
          (mlp): Mlp(
            (fc1): Linear(in_features=768, out_features=3072, bias=True)
            (act): GELU(approximate='none')
            (drop1): Dropout(p=0.0, inplace=False)
            (norm): Identity()
            (fc2): Linear(in_features=3072, out_features=768, bias=True)
            (drop2): Dropout(p=0.0, inplace=False)
          )
          (ls2): Identity()
          (drop_path2): Identity()
        )
        (7): Block(
          (norm1): LayerNorm((768,), eps=1e-06, elementwise_affine=True)
          (attn): Attention(
            (qkv): Linear(in_features=768, out_features=2304, bias=True)
            (q_norm): Identity()
            (k_norm): Identity()
            (attn_drop): Dropout(p=0.0, inplace=False)
            (norm): Identity()
            (proj): Linear(in_features=768, out_features=768, bias=True)
            (proj_drop): Dropout(p=0.0, inplace=False)
          )
          (ls1): Identity()
          (drop_path1): Identity()
          (norm2): LayerNorm((768,), eps=1e-06, elementwise_affine=True)
          (mlp): Mlp(
            (fc1): Linear(in_features=768, out_features=3072, bias=True)
            (act): GELU(approximate='none')
            (drop1): Dropout(p=0.0, inplace=False)
            (norm): Identity()
            (fc2): Linear(in_features=3072, out_features=768, bias=True)
            (drop2): Dropout(p=0.0, inplace=False)
          )
          (ls2): Identity()
          (drop_path2): Identity()
        )
        (8): Block(
          (norm1): LayerNorm((768,), eps=1e-06, elementwise_affine=True)
          (attn): Attention(
            (qkv): Linear(in_features=768, out_features=2304, bias=True)
            (q_norm): Identity()
            (k_norm): Identity()
            (attn_drop): Dropout(p=0.0, inplace=False)
            (norm): Identity()
            (proj): Linear(in_features=768, out_features=768, bias=True)
            (proj_drop): Dropout(p=0.0, inplace=False)
          )
          (ls1): Identity()
          (drop_path1): Identity()
          (norm2): LayerNorm((768,), eps=1e-06, elementwise_affine=True)
          (mlp): Mlp(
            (fc1): Linear(in_features=768, out_features=3072, bias=True)
            (act): GELU(approximate='none')
            (drop1): Dropout(p=0.0, inplace=False)
            (norm): Identity()
            (fc2): Linear(in_features=3072, out_features=768, bias=True)
            (drop2): Dropout(p=0.0, inplace=False)
          )
          (ls2): Identity()
          (drop_path2): Identity()
        )
        (9): Block(
          (norm1): LayerNorm((768,), eps=1e-06, elementwise_affine=True)
          (attn): Attention(
            (qkv): Linear(in_features=768, out_features=2304, bias=True)
            (q_norm): Identity()
            (k_norm): Identity()
            (attn_drop): Dropout(p=0.0, inplace=False)
            (norm): Identity()
            (proj): Linear(in_features=768, out_features=768, bias=True)
            (proj_drop): Dropout(p=0.0, inplace=False)
          )
          (ls1): Identity()
          (drop_path1): Identity()
          (norm2): LayerNorm((768,), eps=1e-06, elementwise_affine=True)
          (mlp): Mlp(
            (fc1): Linear(in_features=768, out_features=3072, bias=True)
            (act): GELU(approximate='none')
            (drop1): Dropout(p=0.0, inplace=False)
            (norm): Identity()
            (fc2): Linear(in_features=3072, out_features=768, bias=True)
            (drop2): Dropout(p=0.0, inplace=False)
          )
          (ls2): Identity()
          (drop_path2): Identity()
        )
        (10): Block(
          (norm1): LayerNorm((768,), eps=1e-06, elementwise_affine=True)
          (attn): Attention(
            (qkv): Linear(in_features=768, out_features=2304, bias=True)
            (q_norm): Identity()
            (k_norm): Identity()
            (attn_drop): Dropout(p=0.0, inplace=False)
            (norm): Identity()
            (proj): Linear(in_features=768, out_features=768, bias=True)
            (proj_drop): Dropout(p=0.0, inplace=False)
          )
          (ls1): Identity()
          (drop_path1): Identity()
          (norm2): LayerNorm((768,), eps=1e-06, elementwise_affine=True)
          (mlp): Mlp(
            (fc1): Linear(in_features=768, out_features=3072, bias=True)
            (act): GELU(approximate='none')
            (drop1): Dropout(p=0.0, inplace=False)
            (norm): Identity()
            (fc2): Linear(in_features=3072, out_features=768, bias=True)
            (drop2): Dropout(p=0.0, inplace=False)
          )
          (ls2): Identity()
          (drop_path2): Identity()
        )
        (11): Block(
          (norm1): LayerNorm((768,), eps=1e-06, elementwise_affine=True)
          (attn): Attention(
            (qkv): Linear(in_features=768, out_features=2304, bias=True)
            (q_norm): Identity()
            (k_norm): Identity()
            (attn_drop): Dropout(p=0.0, inplace=False)
            (norm): Identity()
            (proj): Linear(in_features=768, out_features=768, bias=True)
            (proj_drop): Dropout(p=0.0, inplace=False)
          )
          (ls1): Identity()
          (drop_path1): Identity()
          (norm2): LayerNorm((768,), eps=1e-06, elementwise_affine=True)
          (mlp): Mlp(
            (fc1): Linear(in_features=768, out_features=3072, bias=True)
            (act): GELU(approximate='none')
            (drop1): Dropout(p=0.0, inplace=False)
            (norm): Identity()
            (fc2): Linear(in_features=3072, out_features=768, bias=True)
            (drop2): Dropout(p=0.0, inplace=False)
          )
          (ls2): Identity()
          (drop_path2): Identity()
        )
      )
      (norm): LayerNorm((768,), eps=1e-06, elementwise_affine=True)
      (fc_norm): Identity()
      (head_drop): Dropout(p=0.0, inplace=False)
      (head): Identity()
    )
    (head): Sequential(
      (drop): Dropout(p=0.0, inplace=False)
      (proj): Linear(in_features=768, out_features=512, bias=False)
    )
  )
  (text): HFTextEncoder(
    (transformer): BertModel(
      (embeddings): BertEmbeddings(
        (word_embeddings): Embedding(30522, 768, padding_idx=0)
        (position_embeddings): Embedding(512, 768)
        (token_type_embeddings): Embedding(2, 768)
        (LayerNorm): LayerNorm((768,), eps=1e-12, elementwise_affine=True)
        (dropout): Dropout(p=0.1, inplace=False)
      )
      (encoder): BertEncoder(
        (layer): ModuleList(
          (0-11): 12 x BertLayer(
            (attention): BertAttention(
              (self): BertSdpaSelfAttention(
                (query): Linear(in_features=768, out_features=768, bias=True)
                (key): Linear(in_features=768, out_features=768, bias=True)
                (value): Linear(in_features=768, out_features=768, bias=True)
                (dropout): Dropout(p=0.1, inplace=False)
              )
              (output): BertSelfOutput(
                (dense): Linear(in_features=768, out_features=768, bias=True)
                (LayerNorm): LayerNorm((768,), eps=1e-12, elementwise_affine=True)
                (dropout): Dropout(p=0.1, inplace=False)
              )
            )
            (intermediate): BertIntermediate(
              (dense): Linear(in_features=768, out_features=3072, bias=True)
              (intermediate_act_fn): GELUActivation()
            )
            (output): BertOutput(
              (dense): Linear(in_features=3072, out_features=768, bias=True)
              (LayerNorm): LayerNorm((768,), eps=1e-12, elementwise_affine=True)
              (dropout): Dropout(p=0.1, inplace=False)
            )
          )
        )
      )
    )
    (pooler): ClsLastHiddenStatePooler()
    (proj): Sequential(
      (0): Linear(in_features=768, out_features=640, bias=False)
      (1): GELU(approximate='none')
      (2): Linear(in_features=640, out_features=512, bias=False)
    )
  )
)
2026-02-11,11:59:21 | INFO | Params:
2026-02-11,11:59:21 | INFO |   accum_freq: 1
2026-02-11,11:59:21 | INFO |   alpha_dhnnce: 0.0
2026-02-11,11:59:21 | INFO |   aug_cfg: {}
2026-02-11,11:59:21 | INFO |   batch_size: 32
2026-02-11,11:59:21 | INFO |   beta1: 0.9
2026-02-11,11:59:21 | INFO |   beta1_dhnnce: 0.15
2026-02-11,11:59:21 | INFO |   beta2: 0.98
2026-02-11,11:59:21 | INFO |   beta2_dhnnce: 0.15
2026-02-11,11:59:21 | INFO |   cache_dir: None
2026-02-11,11:59:21 | INFO |   checkpoint_path: ./logs_finetuning/egobridge_stage2_pos_neg_20260211_115516/checkpoints
2026-02-11,11:59:21 | INFO |   coca_caption_loss_weight: 2.0
2026-02-11,11:59:21 | INFO |   coca_contrastive_loss_weight: 1.0
2026-02-11,11:59:21 | INFO |   contrastive_lambda: 1.0
2026-02-11,11:59:21 | INFO |   copy_codebase: False
2026-02-11,11:59:21 | INFO |   csv_caption_key: title
2026-02-11,11:59:21 | INFO |   csv_img_key: filepath
2026-02-11,11:59:21 | INFO |   csv_separator: 	
2026-02-11,11:59:21 | INFO |   dataset_resampled: False
2026-02-11,11:59:21 | INFO |   dataset_type: egobridge
2026-02-11,11:59:21 | INFO |   ddp_static_graph: False
2026-02-11,11:59:21 | INFO |   debug: False
2026-02-11,11:59:21 | INFO |   delete_previous_checkpoint: False
2026-02-11,11:59:21 | INFO |   device: cuda
2026-02-11,11:59:21 | INFO |   dhn_base_entropy_loss: False
2026-02-11,11:59:21 | INFO |   dhn_entropy_loss: False
2026-02-11,11:59:21 | INFO |   dhn_feature_entropy_loss: False
2026-02-11,11:59:21 | INFO |   dhnnce_loss: False
2026-02-11,11:59:21 | INFO |   dist_backend: None
2026-02-11,11:59:21 | INFO |   dist_url: None
2026-02-11,11:59:21 | INFO |   distill: False
2026-02-11,11:59:21 | INFO |   distill_model: None
2026-02-11,11:59:21 | INFO |   distill_pretrained: None
2026-02-11,11:59:21 | INFO |   distributed: False
2026-02-11,11:59:21 | INFO |   egobridge_mode: stage2
2026-02-11,11:59:21 | INFO |   entropy_weight: 0.0
2026-02-11,11:59:21 | INFO |   epochs: 10
2026-02-11,11:59:21 | INFO |   epochs_cooldown: None
2026-02-11,11:59:21 | INFO |   eps: 1e-06
2026-02-11,11:59:21 | INFO |   force_custom_text: False
2026-02-11,11:59:21 | INFO |   force_image_size: None
2026-02-11,11:59:21 | INFO |   force_patch_dropout: None
2026-02-11,11:59:21 | INFO |   force_quick_gelu: False
2026-02-11,11:59:21 | INFO |   gather_with_grad: False
2026-02-11,11:59:21 | INFO |   grad_checkpointing: False
2026-02-11,11:59:21 | INFO |   grad_clip_norm: None
2026-02-11,11:59:21 | INFO |   horovod: False
2026-02-11,11:59:21 | INFO |   image_interpolation: None
2026-02-11,11:59:21 | INFO |   image_mean: None
2026-02-11,11:59:21 | INFO |   image_resize_mode: None
2026-02-11,11:59:21 | INFO |   image_std: None
2026-02-11,11:59:21 | INFO |   imagenet_v2: None
2026-02-11,11:59:21 | INFO |   imagenet_val: None
2026-02-11,11:59:21 | INFO |   local_loss: False
2026-02-11,11:59:21 | INFO |   local_rank: 0
2026-02-11,11:59:21 | INFO |   lock_image: False
2026-02-11,11:59:21 | INFO |   lock_image_freeze_bn_stats: False
2026-02-11,11:59:21 | INFO |   lock_image_unlocked_groups: 0
2026-02-11,11:59:21 | INFO |   lock_text: True
2026-02-11,11:59:21 | INFO |   lock_text_freeze_layer_norm: False
2026-02-11,11:59:21 | INFO |   lock_text_unlocked_layers: 0
2026-02-11,11:59:21 | INFO |   log_every_n_steps: 100
2026-02-11,11:59:21 | INFO |   log_level: 20
2026-02-11,11:59:21 | INFO |   log_local: False
2026-02-11,11:59:21 | INFO |   log_path: ./logs_finetuning/egobridge_stage2_pos_neg_20260211_115516/out.log
2026-02-11,11:59:21 | INFO |   logs: ./logs_finetuning
2026-02-11,11:59:21 | INFO |   lr: 1e-06
2026-02-11,11:59:21 | INFO |   lr_cooldown_end: 0.0
2026-02-11,11:59:21 | INFO |   lr_cooldown_power: 1.0
2026-02-11,11:59:21 | INFO |   lr_scheduler: cosine
2026-02-11,11:59:21 | INFO |   mask_key: mask_path
2026-02-11,11:59:21 | INFO |   model: hf-hub:microsoft/BiomedCLIP-PubMedBERT_256-vit_base_patch16_224
2026-02-11,11:59:21 | INFO |   name: egobridge_stage2_pos_neg_20260211_115516
2026-02-11,11:59:21 | INFO |   no_set_device_rank: False
2026-02-11,11:59:21 | INFO |   precision: amp
2026-02-11,11:59:21 | INFO |   pretrained: ./logs_finetuning/egobridge_stage1_pos_pos_20260211_115516/checkpoints/epoch_10.pt
2026-02-11,11:59:21 | INFO |   pretrained_image: False
2026-02-11,11:59:21 | INFO |   rank: 0
2026-02-11,11:59:21 | INFO |   remote_sync: None
2026-02-11,11:59:21 | INFO |   remote_sync_frequency: 300
2026-02-11,11:59:21 | INFO |   remote_sync_protocol: s3
2026-02-11,11:59:21 | INFO |   report_to: tensorboard
2026-02-11,11:59:21 | INFO |   resume: None
2026-02-11,11:59:21 | INFO |   save_frequency: 1
2026-02-11,11:59:21 | INFO |   save_most_recent: True
2026-02-11,11:59:21 | INFO |   seed: 0
2026-02-11,11:59:21 | INFO |   siglip: False
2026-02-11,11:59:21 | INFO |   sinkhorn_epsilon: 0.05
2026-02-11,11:59:21 | INFO |   sinkhorn_max_iters: 50
2026-02-11,11:59:21 | INFO |   skip_scheduler: False
2026-02-11,11:59:21 | INFO |   temperature_dhnnce: 0.6
2026-02-11,11:59:21 | INFO |   tensorboard: True
2026-02-11,11:59:21 | INFO |   tensorboard_path: ./logs_finetuning/egobridge_stage2_pos_neg_20260211_115516/tensorboard
2026-02-11,11:59:21 | INFO |   torchcompile: False
2026-02-11,11:59:21 | INFO |   torchscript: False
2026-02-11,11:59:21 | INFO |   trace: False
2026-02-11,11:59:21 | INFO |   train_data: /home/woojye2020/decs_jupyter_lab/MedCLIP-SAMv2/Dataset_BUSI_with_GT
2026-02-11,11:59:21 | INFO |   train_data_upsampling_factors: None
2026-02-11,11:59:21 | INFO |   train_num_samples: None
2026-02-11,11:59:21 | INFO |   use_bn_sync: False
2026-02-11,11:59:21 | INFO |   use_bnb_linear: None
2026-02-11,11:59:21 | INFO |   val_data: None
2026-02-11,11:59:21 | INFO |   val_frequency: 1
2026-02-11,11:59:21 | INFO |   val_num_samples: None
2026-02-11,11:59:21 | INFO |   wandb: False
2026-02-11,11:59:21 | INFO |   wandb_notes: 
2026-02-11,11:59:21 | INFO |   wandb_project_name: open-clip
2026-02-11,11:59:21 | INFO |   warmup: 10000
2026-02-11,11:59:21 | INFO |   wd: 0.1
2026-02-11,11:59:21 | INFO |   workers: 4
2026-02-11,11:59:21 | INFO |   world_size: 1
2026-02-11,11:59:21 | INFO |   zeroshot_frequency: 2
2026-02-11,11:59:23 | INFO | EgoBridgeDataset initialized in stage2 mode.
2026-02-11,11:59:23 | INFO | Found 437 benign images and 133 normal images.
2026-02-11,11:59:23 | INFO | Start epoch 0
2026-02-11,11:59:26 | INFO | Train Epoch: 0 [ 64/437 (8%)] Data (t): 0.000 Batch (t): 2.270 LR: 0.000000 Loss: 0.37598 (0.37598) Stage2_contrastive_loss: 0.37598 (0.37598)
2026-02-11,11:59:27 | INFO | Train Epoch: 0 [832/437 (100%)] Data (t): 0.000 Batch (t): 0.304 LR: 0.000000 Loss: 0.39393 (0.38495) Stage2_contrastive_loss: 0.39393 (0.38495)
2026-02-11,11:59:33 | INFO | Start epoch 1
2026-02-11,11:59:34 | INFO | Train Epoch: 1 [ 64/437 (8%)] Data (t): 0.000 Batch (t): 1.353 LR: 0.000000 Loss: 0.38345 (0.38345) Stage2_contrastive_loss: 0.38345 (0.38345)
2026-02-11,11:59:36 | INFO | Train Epoch: 1 [832/437 (100%)] Data (t): 0.000 Batch (t): 0.276 LR: 0.000000 Loss: 0.36884 (0.37614) Stage2_contrastive_loss: 0.36884 (0.37614)
2026-02-11,11:59:43 | INFO | Start epoch 2
2026-02-11,11:59:44 | INFO | Train Epoch: 2 [ 64/437 (8%)] Data (t): 0.000 Batch (t): 1.282 LR: 0.000000 Loss: 0.36732 (0.36732) Stage2_contrastive_loss: 0.36732 (0.36732)
2026-02-11,11:59:47 | INFO | Train Epoch: 2 [832/437 (100%)] Data (t): 0.000 Batch (t): 0.285 LR: 0.000000 Loss: 0.35770 (0.36251) Stage2_contrastive_loss: 0.35770 (0.36251)
2026-02-11,11:59:52 | INFO | Start epoch 3
2026-02-11,11:59:54 | INFO | Train Epoch: 3 [ 64/437 (8%)] Data (t): 0.000 Batch (t): 1.319 LR: 0.000000 Loss: 0.35964 (0.35964) Stage2_contrastive_loss: 0.35964 (0.35964)
2026-02-11,11:59:56 | INFO | Train Epoch: 3 [832/437 (100%)] Data (t): 0.000 Batch (t): 0.299 LR: 0.000000 Loss: 0.32490 (0.34227) Stage2_contrastive_loss: 0.32490 (0.34227)
2026-02-11,12:00:03 | INFO | Start epoch 4
2026-02-11,12:00:04 | INFO | Train Epoch: 4 [ 64/437 (8%)] Data (t): 0.000 Batch (t): 1.261 LR: 0.000000 Loss: 0.40877 (0.40877) Stage2_contrastive_loss: 0.40877 (0.40877)
2026-02-11,12:00:07 | INFO | Train Epoch: 4 [832/437 (100%)] Data (t): 0.000 Batch (t): 0.275 LR: 0.000000 Loss: 0.37467 (0.39172) Stage2_contrastive_loss: 0.37467 (0.39172)
2026-02-11,12:00:13 | INFO | Start epoch 5
2026-02-11,12:00:14 | INFO | Train Epoch: 5 [ 64/437 (8%)] Data (t): 0.000 Batch (t): 1.352 LR: 0.000000 Loss: 0.37207 (0.37207) Stage2_contrastive_loss: 0.37207 (0.37207)
2026-02-11,12:00:16 | INFO | Train Epoch: 5 [832/437 (100%)] Data (t): 0.000 Batch (t): 0.289 LR: 0.000000 Loss: 0.38347 (0.37777) Stage2_contrastive_loss: 0.38347 (0.37777)
2026-02-11,12:00:24 | INFO | Start epoch 6
2026-02-11,12:00:25 | INFO | Train Epoch: 6 [ 64/437 (8%)] Data (t): 0.000 Batch (t): 1.278 LR: 0.000000 Loss: 0.40545 (0.40545) Stage2_contrastive_loss: 0.40545 (0.40545)
2026-02-11,12:00:27 | INFO | Train Epoch: 6 [832/437 (100%)] Data (t): 0.000 Batch (t): 0.252 LR: 0.000000 Loss: 0.38233 (0.39389) Stage2_contrastive_loss: 0.38233 (0.39389)
2026-02-11,12:00:34 | INFO | Start epoch 7
2026-02-11,12:00:35 | INFO | Train Epoch: 7 [ 64/437 (8%)] Data (t): 0.000 Batch (t): 1.293 LR: 0.000000 Loss: 0.38942 (0.38942) Stage2_contrastive_loss: 0.38942 (0.38942)
2026-02-11,12:00:38 | INFO | Train Epoch: 7 [832/437 (100%)] Data (t): 0.000 Batch (t): 0.280 LR: 0.000000 Loss: 0.37616 (0.38279) Stage2_contrastive_loss: 0.37616 (0.38279)
2026-02-11,12:00:45 | INFO | Start epoch 8
2026-02-11,12:00:46 | INFO | Train Epoch: 8 [ 64/437 (8%)] Data (t): 0.000 Batch (t): 1.281 LR: 0.000000 Loss: 0.39019 (0.39019) Stage2_contrastive_loss: 0.39019 (0.39019)
2026-02-11,12:00:48 | INFO | Train Epoch: 8 [832/437 (100%)] Data (t): 0.000 Batch (t): 0.277 LR: 0.000000 Loss: 0.34120 (0.36569) Stage2_contrastive_loss: 0.34120 (0.36569)
2026-02-11,12:00:55 | INFO | Start epoch 9
2026-02-11,12:00:56 | INFO | Train Epoch: 9 [ 64/437 (8%)] Data (t): 0.000 Batch (t): 1.322 LR: 0.000000 Loss: 0.42561 (0.42561) Stage2_contrastive_loss: 0.42561 (0.42561)
2026-02-11,12:00:59 | INFO | Train Epoch: 9 [832/437 (100%)] Data (t): 0.000 Batch (t): 0.275 LR: 0.000000 Loss: 0.35723 (0.39142) Stage2_contrastive_loss: 0.35723 (0.39142)
