/home/woojye2020/.conda/envs/medclipsamv2/lib/python3.9/site-packages/pandas/core/computation/expressions.py:21: UserWarning: Pandas requires version '2.8.4' or newer of 'numexpr' (version '2.8.1' currently installed).
  from pandas.core.computation.check import NUMEXPR_INSTALLED

Loading pipeline components...:   0%|          | 0/6 [00:00<?, ?it/s]
Loading pipeline components...:  17%|█▋        | 1/6 [00:00<00:01,  4.86it/s]
Loading pipeline components...:  33%|███▎      | 2/6 [00:01<00:02,  1.67it/s]`torch_dtype` is deprecated! Use `dtype` instead!

Loading pipeline components...:  83%|████████▎ | 5/6 [00:01<00:00,  4.80it/s]
Loading pipeline components...: 100%|██████████| 6/6 [00:01<00:00,  4.60it/s]

Editing:   0%|          | 0/5 [00:00<?, ?it/s]
Editing:  20%|██        | 1/5 [00:38<02:33, 38.28s/it]
Editing:  40%|████      | 2/5 [01:16<01:54, 38.04s/it]
Editing:  60%|██████    | 3/5 [01:53<01:15, 37.66s/it]
Editing:  80%|████████  | 4/5 [02:30<00:37, 37.56s/it]
Editing: 100%|██████████| 5/5 [02:57<00:00, 33.79s/it]
Editing: 100%|██████████| 5/5 [02:57<00:00, 35.58s/it]

Loading pipeline from: ./checkpoints/checkpoint-5000
[로드 완료] accelerate 체크포인트에서 U-Net 가중치 교체: checkpoint-5000

Source label   : tumor  →  'a magnetic resonance image of a brain with tumor'
Target label   : healthy  →  'a brain MRI with no tumor or lesion'
Latent Drift δ : +0.100
Guidance τ     : 0.1
CFG scale      : 7.5

Processing 5 images …


[1/5] 100.png
  Source: MRI scan of a brain with tumor lesion
  Target: brain MRI scan showing normal brain structure
  δ = +0.100  |  τ = 0.1  |  w = 7.5
  [1/3] DDIM inversion …
  [2/3] Collecting source cross-attention maps …
  [3/3] Denoising with target prompt + LD …
  Done.

[2/5] 1004.png
  Source: an axial brain MRI showing brain tumor
  Target: a medical brain MRI image of a healthy brain
  δ = +0.100  |  τ = 0.1  |  w = 7.5
  [1/3] DDIM inversion …
  [2/3] Collecting source cross-attention maps …
  [3/3] Denoising with target prompt + LD …
  Done.

[3/5] 1007.png
  Source: a T1-weighted brain MRI with brain tumor
  Target: brain MRI scan showing normal brain structure
  δ = +0.100  |  τ = 0.1  |  w = 7.5
  [1/3] DDIM inversion …
  [2/3] Collecting source cross-attention maps …
  [3/3] Denoising with target prompt + LD …
  Done.

[4/5] 1008.png
  Source: brain MRI of a patient with brain tumor diagnosis
  Target: a brain MRI of a cognitively normal patient
  δ = +0.100  |  τ = 0.1  |  w = 7.5
  [1/3] DDIM inversion …
  [2/3] Collecting source cross-attention maps …
  [3/3] Denoising with target prompt + LD …
  Done.

[5/5] 1011.png
  Source: a brain MRI of a patient with an intracranial mass
  Target: a brain MRI of a cognitively normal patient
  δ = +0.100  |  τ = 0.1  |  w = 7.5
  [1/3] DDIM inversion …
  [2/3] Collecting source cross-attention maps …
  [3/3] Denoising with target prompt + LD …
  Done.

✓ Generated 5 counterfactual images.
  Counterfactuals : generated/checkpoint-5000/counterfactual
  Metadata        : generated/checkpoint-5000/metadata.json

