2026-02-11,11:24:06 | INFO | Running with a single process. Device cuda.
2026-02-11,11:24:08 | INFO | Loaded hf-hub:microsoft/BiomedCLIP-PubMedBERT_256-vit_base_patch16_224 model config.
2026-02-11,11:24:11 | INFO | Loading pretrained hf-hub:microsoft/BiomedCLIP-PubMedBERT_256-vit_base_patch16_224 weights (/home/woojye2020/.cache/huggingface/hub/models--microsoft--BiomedCLIP-PubMedBERT_256-vit_base_patch16_224/snapshots/9f341de24bfb00180f1b847274256e9b65a3a32e/open_clip_pytorch_model.bin).
2026-02-11,11:24:12 | INFO | Model:
2026-02-11,11:24:12 | INFO | CustomTextCLIP(
  (visual): TimmModel(
    (trunk): VisionTransformer(
      (patch_embed): PatchEmbed(
        (proj): Conv2d(3, 768, kernel_size=(16, 16), stride=(16, 16))
        (norm): Identity()
      )
      (pos_drop): Dropout(p=0.0, inplace=False)
      (patch_drop): Identity()
      (norm_pre): Identity()
      (blocks): Sequential(
        (0): Block(
          (norm1): LayerNorm((768,), eps=1e-06, elementwise_affine=True)
          (attn): Attention(
            (qkv): Linear(in_features=768, out_features=2304, bias=True)
            (q_norm): Identity()
            (k_norm): Identity()
            (attn_drop): Dropout(p=0.0, inplace=False)
            (norm): Identity()
            (proj): Linear(in_features=768, out_features=768, bias=True)
            (proj_drop): Dropout(p=0.0, inplace=False)
          )
          (ls1): Identity()
          (drop_path1): Identity()
          (norm2): LayerNorm((768,), eps=1e-06, elementwise_affine=True)
          (mlp): Mlp(
            (fc1): Linear(in_features=768, out_features=3072, bias=True)
            (act): GELU(approximate='none')
            (drop1): Dropout(p=0.0, inplace=False)
            (norm): Identity()
            (fc2): Linear(in_features=3072, out_features=768, bias=True)
            (drop2): Dropout(p=0.0, inplace=False)
          )
          (ls2): Identity()
          (drop_path2): Identity()
        )
        (1): Block(
          (norm1): LayerNorm((768,), eps=1e-06, elementwise_affine=True)
          (attn): Attention(
            (qkv): Linear(in_features=768, out_features=2304, bias=True)
            (q_norm): Identity()
            (k_norm): Identity()
            (attn_drop): Dropout(p=0.0, inplace=False)
            (norm): Identity()
            (proj): Linear(in_features=768, out_features=768, bias=True)
            (proj_drop): Dropout(p=0.0, inplace=False)
          )
          (ls1): Identity()
          (drop_path1): Identity()
          (norm2): LayerNorm((768,), eps=1e-06, elementwise_affine=True)
          (mlp): Mlp(
            (fc1): Linear(in_features=768, out_features=3072, bias=True)
            (act): GELU(approximate='none')
            (drop1): Dropout(p=0.0, inplace=False)
            (norm): Identity()
            (fc2): Linear(in_features=3072, out_features=768, bias=True)
            (drop2): Dropout(p=0.0, inplace=False)
          )
          (ls2): Identity()
          (drop_path2): Identity()
        )
        (2): Block(
          (norm1): LayerNorm((768,), eps=1e-06, elementwise_affine=True)
          (attn): Attention(
            (qkv): Linear(in_features=768, out_features=2304, bias=True)
            (q_norm): Identity()
            (k_norm): Identity()
            (attn_drop): Dropout(p=0.0, inplace=False)
            (norm): Identity()
            (proj): Linear(in_features=768, out_features=768, bias=True)
            (proj_drop): Dropout(p=0.0, inplace=False)
          )
          (ls1): Identity()
          (drop_path1): Identity()
          (norm2): LayerNorm((768,), eps=1e-06, elementwise_affine=True)
          (mlp): Mlp(
            (fc1): Linear(in_features=768, out_features=3072, bias=True)
            (act): GELU(approximate='none')
            (drop1): Dropout(p=0.0, inplace=False)
            (norm): Identity()
            (fc2): Linear(in_features=3072, out_features=768, bias=True)
            (drop2): Dropout(p=0.0, inplace=False)
          )
          (ls2): Identity()
          (drop_path2): Identity()
        )
        (3): Block(
          (norm1): LayerNorm((768,), eps=1e-06, elementwise_affine=True)
          (attn): Attention(
            (qkv): Linear(in_features=768, out_features=2304, bias=True)
            (q_norm): Identity()
            (k_norm): Identity()
            (attn_drop): Dropout(p=0.0, inplace=False)
            (norm): Identity()
            (proj): Linear(in_features=768, out_features=768, bias=True)
            (proj_drop): Dropout(p=0.0, inplace=False)
          )
          (ls1): Identity()
          (drop_path1): Identity()
          (norm2): LayerNorm((768,), eps=1e-06, elementwise_affine=True)
          (mlp): Mlp(
            (fc1): Linear(in_features=768, out_features=3072, bias=True)
            (act): GELU(approximate='none')
            (drop1): Dropout(p=0.0, inplace=False)
            (norm): Identity()
            (fc2): Linear(in_features=3072, out_features=768, bias=True)
            (drop2): Dropout(p=0.0, inplace=False)
          )
          (ls2): Identity()
          (drop_path2): Identity()
        )
        (4): Block(
          (norm1): LayerNorm((768,), eps=1e-06, elementwise_affine=True)
          (attn): Attention(
            (qkv): Linear(in_features=768, out_features=2304, bias=True)
            (q_norm): Identity()
            (k_norm): Identity()
            (attn_drop): Dropout(p=0.0, inplace=False)
            (norm): Identity()
            (proj): Linear(in_features=768, out_features=768, bias=True)
            (proj_drop): Dropout(p=0.0, inplace=False)
          )
          (ls1): Identity()
          (drop_path1): Identity()
          (norm2): LayerNorm((768,), eps=1e-06, elementwise_affine=True)
          (mlp): Mlp(
            (fc1): Linear(in_features=768, out_features=3072, bias=True)
            (act): GELU(approximate='none')
            (drop1): Dropout(p=0.0, inplace=False)
            (norm): Identity()
            (fc2): Linear(in_features=3072, out_features=768, bias=True)
            (drop2): Dropout(p=0.0, inplace=False)
          )
          (ls2): Identity()
          (drop_path2): Identity()
        )
        (5): Block(
          (norm1): LayerNorm((768,), eps=1e-06, elementwise_affine=True)
          (attn): Attention(
            (qkv): Linear(in_features=768, out_features=2304, bias=True)
            (q_norm): Identity()
            (k_norm): Identity()
            (attn_drop): Dropout(p=0.0, inplace=False)
            (norm): Identity()
            (proj): Linear(in_features=768, out_features=768, bias=True)
            (proj_drop): Dropout(p=0.0, inplace=False)
          )
          (ls1): Identity()
          (drop_path1): Identity()
          (norm2): LayerNorm((768,), eps=1e-06, elementwise_affine=True)
          (mlp): Mlp(
            (fc1): Linear(in_features=768, out_features=3072, bias=True)
            (act): GELU(approximate='none')
            (drop1): Dropout(p=0.0, inplace=False)
            (norm): Identity()
            (fc2): Linear(in_features=3072, out_features=768, bias=True)
            (drop2): Dropout(p=0.0, inplace=False)
          )
          (ls2): Identity()
          (drop_path2): Identity()
        )
        (6): Block(
          (norm1): LayerNorm((768,), eps=1e-06, elementwise_affine=True)
          (attn): Attention(
            (qkv): Linear(in_features=768, out_features=2304, bias=True)
            (q_norm): Identity()
            (k_norm): Identity()
            (attn_drop): Dropout(p=0.0, inplace=False)
            (norm): Identity()
            (proj): Linear(in_features=768, out_features=768, bias=True)
            (proj_drop): Dropout(p=0.0, inplace=False)
          )
          (ls1): Identity()
          (drop_path1): Identity()
          (norm2): LayerNorm((768,), eps=1e-06, elementwise_affine=True)
          (mlp): Mlp(
            (fc1): Linear(in_features=768, out_features=3072, bias=True)
            (act): GELU(approximate='none')
            (drop1): Dropout(p=0.0, inplace=False)
            (norm): Identity()
            (fc2): Linear(in_features=3072, out_features=768, bias=True)
            (drop2): Dropout(p=0.0, inplace=False)
          )
          (ls2): Identity()
          (drop_path2): Identity()
        )
        (7): Block(
          (norm1): LayerNorm((768,), eps=1e-06, elementwise_affine=True)
          (attn): Attention(
            (qkv): Linear(in_features=768, out_features=2304, bias=True)
            (q_norm): Identity()
            (k_norm): Identity()
            (attn_drop): Dropout(p=0.0, inplace=False)
            (norm): Identity()
            (proj): Linear(in_features=768, out_features=768, bias=True)
            (proj_drop): Dropout(p=0.0, inplace=False)
          )
          (ls1): Identity()
          (drop_path1): Identity()
          (norm2): LayerNorm((768,), eps=1e-06, elementwise_affine=True)
          (mlp): Mlp(
            (fc1): Linear(in_features=768, out_features=3072, bias=True)
            (act): GELU(approximate='none')
            (drop1): Dropout(p=0.0, inplace=False)
            (norm): Identity()
            (fc2): Linear(in_features=3072, out_features=768, bias=True)
            (drop2): Dropout(p=0.0, inplace=False)
          )
          (ls2): Identity()
          (drop_path2): Identity()
        )
        (8): Block(
          (norm1): LayerNorm((768,), eps=1e-06, elementwise_affine=True)
          (attn): Attention(
            (qkv): Linear(in_features=768, out_features=2304, bias=True)
            (q_norm): Identity()
            (k_norm): Identity()
            (attn_drop): Dropout(p=0.0, inplace=False)
            (norm): Identity()
            (proj): Linear(in_features=768, out_features=768, bias=True)
            (proj_drop): Dropout(p=0.0, inplace=False)
          )
          (ls1): Identity()
          (drop_path1): Identity()
          (norm2): LayerNorm((768,), eps=1e-06, elementwise_affine=True)
          (mlp): Mlp(
            (fc1): Linear(in_features=768, out_features=3072, bias=True)
            (act): GELU(approximate='none')
            (drop1): Dropout(p=0.0, inplace=False)
            (norm): Identity()
            (fc2): Linear(in_features=3072, out_features=768, bias=True)
            (drop2): Dropout(p=0.0, inplace=False)
          )
          (ls2): Identity()
          (drop_path2): Identity()
        )
        (9): Block(
          (norm1): LayerNorm((768,), eps=1e-06, elementwise_affine=True)
          (attn): Attention(
            (qkv): Linear(in_features=768, out_features=2304, bias=True)
            (q_norm): Identity()
            (k_norm): Identity()
            (attn_drop): Dropout(p=0.0, inplace=False)
            (norm): Identity()
            (proj): Linear(in_features=768, out_features=768, bias=True)
            (proj_drop): Dropout(p=0.0, inplace=False)
          )
          (ls1): Identity()
          (drop_path1): Identity()
          (norm2): LayerNorm((768,), eps=1e-06, elementwise_affine=True)
          (mlp): Mlp(
            (fc1): Linear(in_features=768, out_features=3072, bias=True)
            (act): GELU(approximate='none')
            (drop1): Dropout(p=0.0, inplace=False)
            (norm): Identity()
            (fc2): Linear(in_features=3072, out_features=768, bias=True)
            (drop2): Dropout(p=0.0, inplace=False)
          )
          (ls2): Identity()
          (drop_path2): Identity()
        )
        (10): Block(
          (norm1): LayerNorm((768,), eps=1e-06, elementwise_affine=True)
          (attn): Attention(
            (qkv): Linear(in_features=768, out_features=2304, bias=True)
            (q_norm): Identity()
            (k_norm): Identity()
            (attn_drop): Dropout(p=0.0, inplace=False)
            (norm): Identity()
            (proj): Linear(in_features=768, out_features=768, bias=True)
            (proj_drop): Dropout(p=0.0, inplace=False)
          )
          (ls1): Identity()
          (drop_path1): Identity()
          (norm2): LayerNorm((768,), eps=1e-06, elementwise_affine=True)
          (mlp): Mlp(
            (fc1): Linear(in_features=768, out_features=3072, bias=True)
            (act): GELU(approximate='none')
            (drop1): Dropout(p=0.0, inplace=False)
            (norm): Identity()
            (fc2): Linear(in_features=3072, out_features=768, bias=True)
            (drop2): Dropout(p=0.0, inplace=False)
          )
          (ls2): Identity()
          (drop_path2): Identity()
        )
        (11): Block(
          (norm1): LayerNorm((768,), eps=1e-06, elementwise_affine=True)
          (attn): Attention(
            (qkv): Linear(in_features=768, out_features=2304, bias=True)
            (q_norm): Identity()
            (k_norm): Identity()
            (attn_drop): Dropout(p=0.0, inplace=False)
            (norm): Identity()
            (proj): Linear(in_features=768, out_features=768, bias=True)
            (proj_drop): Dropout(p=0.0, inplace=False)
          )
          (ls1): Identity()
          (drop_path1): Identity()
          (norm2): LayerNorm((768,), eps=1e-06, elementwise_affine=True)
          (mlp): Mlp(
            (fc1): Linear(in_features=768, out_features=3072, bias=True)
            (act): GELU(approximate='none')
            (drop1): Dropout(p=0.0, inplace=False)
            (norm): Identity()
            (fc2): Linear(in_features=3072, out_features=768, bias=True)
            (drop2): Dropout(p=0.0, inplace=False)
          )
          (ls2): Identity()
          (drop_path2): Identity()
        )
      )
      (norm): LayerNorm((768,), eps=1e-06, elementwise_affine=True)
      (fc_norm): Identity()
      (head_drop): Dropout(p=0.0, inplace=False)
      (head): Identity()
    )
    (head): Sequential(
      (drop): Dropout(p=0.0, inplace=False)
      (proj): Linear(in_features=768, out_features=512, bias=False)
    )
  )
  (text): HFTextEncoder(
    (transformer): BertModel(
      (embeddings): BertEmbeddings(
        (word_embeddings): Embedding(30522, 768, padding_idx=0)
        (position_embeddings): Embedding(512, 768)
        (token_type_embeddings): Embedding(2, 768)
        (LayerNorm): LayerNorm((768,), eps=1e-12, elementwise_affine=True)
        (dropout): Dropout(p=0.1, inplace=False)
      )
      (encoder): BertEncoder(
        (layer): ModuleList(
          (0-11): 12 x BertLayer(
            (attention): BertAttention(
              (self): BertSdpaSelfAttention(
                (query): Linear(in_features=768, out_features=768, bias=True)
                (key): Linear(in_features=768, out_features=768, bias=True)
                (value): Linear(in_features=768, out_features=768, bias=True)
                (dropout): Dropout(p=0.1, inplace=False)
              )
              (output): BertSelfOutput(
                (dense): Linear(in_features=768, out_features=768, bias=True)
                (LayerNorm): LayerNorm((768,), eps=1e-12, elementwise_affine=True)
                (dropout): Dropout(p=0.1, inplace=False)
              )
            )
            (intermediate): BertIntermediate(
              (dense): Linear(in_features=768, out_features=3072, bias=True)
              (intermediate_act_fn): GELUActivation()
            )
            (output): BertOutput(
              (dense): Linear(in_features=3072, out_features=768, bias=True)
              (LayerNorm): LayerNorm((768,), eps=1e-12, elementwise_affine=True)
              (dropout): Dropout(p=0.1, inplace=False)
            )
          )
        )
      )
    )
    (pooler): ClsLastHiddenStatePooler()
    (proj): Sequential(
      (0): Linear(in_features=768, out_features=640, bias=False)
      (1): GELU(approximate='none')
      (2): Linear(in_features=640, out_features=512, bias=False)
    )
  )
)
2026-02-11,11:24:12 | INFO | Params:
2026-02-11,11:24:12 | INFO |   accum_freq: 1
2026-02-11,11:24:12 | INFO |   alpha_dhnnce: 0.0
2026-02-11,11:24:12 | INFO |   aug_cfg: {}
2026-02-11,11:24:12 | INFO |   batch_size: 32
2026-02-11,11:24:12 | INFO |   beta1: 0.9
2026-02-11,11:24:12 | INFO |   beta1_dhnnce: 0.15
2026-02-11,11:24:12 | INFO |   beta2: 0.98
2026-02-11,11:24:12 | INFO |   beta2_dhnnce: 0.15
2026-02-11,11:24:12 | INFO |   cache_dir: None
2026-02-11,11:24:12 | INFO |   checkpoint_path: ./logs_finetuning/egobridge_stage1_pos_pos_20260211_112356/checkpoints
2026-02-11,11:24:12 | INFO |   coca_caption_loss_weight: 2.0
2026-02-11,11:24:12 | INFO |   coca_contrastive_loss_weight: 1.0
2026-02-11,11:24:12 | INFO |   contrastive_lambda: 1.0
2026-02-11,11:24:12 | INFO |   copy_codebase: False
2026-02-11,11:24:12 | INFO |   csv_caption_key: title
2026-02-11,11:24:12 | INFO |   csv_img_key: filepath
2026-02-11,11:24:12 | INFO |   csv_separator: 	
2026-02-11,11:24:12 | INFO |   dataset_resampled: False
2026-02-11,11:24:12 | INFO |   dataset_type: egobridge
2026-02-11,11:24:12 | INFO |   ddp_static_graph: False
2026-02-11,11:24:12 | INFO |   debug: False
2026-02-11,11:24:12 | INFO |   delete_previous_checkpoint: False
2026-02-11,11:24:12 | INFO |   device: cuda
2026-02-11,11:24:12 | INFO |   dhn_base_entropy_loss: False
2026-02-11,11:24:12 | INFO |   dhn_entropy_loss: False
2026-02-11,11:24:12 | INFO |   dhn_feature_entropy_loss: False
2026-02-11,11:24:12 | INFO |   dhnnce_loss: False
2026-02-11,11:24:12 | INFO |   dist_backend: None
2026-02-11,11:24:12 | INFO |   dist_url: None
2026-02-11,11:24:12 | INFO |   distill: False
2026-02-11,11:24:12 | INFO |   distill_model: None
2026-02-11,11:24:12 | INFO |   distill_pretrained: None
2026-02-11,11:24:12 | INFO |   distributed: False
2026-02-11,11:24:12 | INFO |   egobridge_mode: stage1
2026-02-11,11:24:12 | INFO |   entropy_weight: 0.0
2026-02-11,11:24:12 | INFO |   epochs: 10
2026-02-11,11:24:12 | INFO |   epochs_cooldown: None
2026-02-11,11:24:12 | INFO |   eps: 1e-06
2026-02-11,11:24:12 | INFO |   force_custom_text: False
2026-02-11,11:24:12 | INFO |   force_image_size: None
2026-02-11,11:24:12 | INFO |   force_patch_dropout: None
2026-02-11,11:24:12 | INFO |   force_quick_gelu: False
2026-02-11,11:24:12 | INFO |   gather_with_grad: False
2026-02-11,11:24:12 | INFO |   grad_checkpointing: False
2026-02-11,11:24:12 | INFO |   grad_clip_norm: None
2026-02-11,11:24:12 | INFO |   horovod: False
2026-02-11,11:24:12 | INFO |   image_interpolation: None
2026-02-11,11:24:12 | INFO |   image_mean: None
2026-02-11,11:24:12 | INFO |   image_resize_mode: None
2026-02-11,11:24:12 | INFO |   image_std: None
2026-02-11,11:24:12 | INFO |   imagenet_v2: None
2026-02-11,11:24:12 | INFO |   imagenet_val: None
2026-02-11,11:24:12 | INFO |   local_loss: False
2026-02-11,11:24:12 | INFO |   local_rank: 0
2026-02-11,11:24:12 | INFO |   lock_image: False
2026-02-11,11:24:12 | INFO |   lock_image_freeze_bn_stats: False
2026-02-11,11:24:12 | INFO |   lock_image_unlocked_groups: 0
2026-02-11,11:24:12 | INFO |   lock_text: True
2026-02-11,11:24:12 | INFO |   lock_text_freeze_layer_norm: False
2026-02-11,11:24:12 | INFO |   lock_text_unlocked_layers: 0
2026-02-11,11:24:12 | INFO |   log_every_n_steps: 100
2026-02-11,11:24:12 | INFO |   log_level: 20
2026-02-11,11:24:12 | INFO |   log_local: False
2026-02-11,11:24:12 | INFO |   log_path: ./logs_finetuning/egobridge_stage1_pos_pos_20260211_112356/out.log
2026-02-11,11:24:12 | INFO |   logs: ./logs_finetuning
2026-02-11,11:24:12 | INFO |   lr: 1e-05
2026-02-11,11:24:12 | INFO |   lr_cooldown_end: 0.0
2026-02-11,11:24:12 | INFO |   lr_cooldown_power: 1.0
2026-02-11,11:24:12 | INFO |   lr_scheduler: cosine
2026-02-11,11:24:12 | INFO |   mask_key: mask_path
2026-02-11,11:24:12 | INFO |   model: hf-hub:microsoft/BiomedCLIP-PubMedBERT_256-vit_base_patch16_224
2026-02-11,11:24:12 | INFO |   name: egobridge_stage1_pos_pos_20260211_112356
2026-02-11,11:24:12 | INFO |   no_set_device_rank: False
2026-02-11,11:24:12 | INFO |   precision: amp
2026-02-11,11:24:12 | INFO |   pretrained: 
2026-02-11,11:24:12 | INFO |   pretrained_image: False
2026-02-11,11:24:12 | INFO |   rank: 0
2026-02-11,11:24:12 | INFO |   remote_sync: None
2026-02-11,11:24:12 | INFO |   remote_sync_frequency: 300
2026-02-11,11:24:12 | INFO |   remote_sync_protocol: s3
2026-02-11,11:24:12 | INFO |   report_to: tensorboard
2026-02-11,11:24:12 | INFO |   resume: None
2026-02-11,11:24:12 | INFO |   save_frequency: 1
2026-02-11,11:24:12 | INFO |   save_most_recent: True
2026-02-11,11:24:12 | INFO |   seed: 0
2026-02-11,11:24:12 | INFO |   siglip: False
2026-02-11,11:24:12 | INFO |   sinkhorn_epsilon: 0.05
2026-02-11,11:24:12 | INFO |   sinkhorn_max_iters: 50
2026-02-11,11:24:12 | INFO |   skip_scheduler: False
2026-02-11,11:24:12 | INFO |   temperature_dhnnce: 0.6
2026-02-11,11:24:12 | INFO |   tensorboard: True
2026-02-11,11:24:12 | INFO |   tensorboard_path: ./logs_finetuning/egobridge_stage1_pos_pos_20260211_112356/tensorboard
2026-02-11,11:24:12 | INFO |   torchcompile: False
2026-02-11,11:24:12 | INFO |   torchscript: False
2026-02-11,11:24:12 | INFO |   trace: False
2026-02-11,11:24:12 | INFO |   train_data: /home/woojye2020/decs_jupyter_lab/MedCLIP-SAMv2/Dataset_BUSI_with_GT
2026-02-11,11:24:12 | INFO |   train_data_upsampling_factors: None
2026-02-11,11:24:12 | INFO |   train_num_samples: None
2026-02-11,11:24:12 | INFO |   use_bn_sync: False
2026-02-11,11:24:12 | INFO |   use_bnb_linear: None
2026-02-11,11:24:12 | INFO |   val_data: None
2026-02-11,11:24:12 | INFO |   val_frequency: 1
2026-02-11,11:24:12 | INFO |   val_num_samples: None
2026-02-11,11:24:12 | INFO |   wandb: False
2026-02-11,11:24:12 | INFO |   wandb_notes: 
2026-02-11,11:24:12 | INFO |   wandb_project_name: open-clip
2026-02-11,11:24:12 | INFO |   warmup: 10000
2026-02-11,11:24:12 | INFO |   wd: 0.1
2026-02-11,11:24:12 | INFO |   workers: 4
2026-02-11,11:24:12 | INFO |   world_size: 1
2026-02-11,11:24:12 | INFO |   zeroshot_frequency: 2
2026-02-11,11:24:14 | INFO | EgoBridgeDataset initialized in stage1 mode.
2026-02-11,11:24:14 | INFO | Found 437 benign images and 133 normal images.
2026-02-11,11:24:14 | INFO | Start epoch 0
2026-02-11,11:24:21 | INFO | Train Epoch: 0 [ 64/437 (8%)] Data (t): 0.000 Batch (t): 6.740 LR: 0.000000 Loss: 301.61 (301.61) Sinkhorn_loss: 301.07 (301.07) Bg_contrastive_loss: 0.54203 (0.54203)
2026-02-11,11:24:25 | INFO | Train Epoch: 0 [832/437 (100%)] Data (t): 0.000 Batch (t): 0.855 LR: 0.000000 Loss: 360.97 (331.29) Sinkhorn_loss: 360.39 (330.73) Bg_contrastive_loss: 0.57935 (0.56069)
2026-02-11,11:24:32 | INFO | Start epoch 1
2026-02-11,11:24:33 | INFO | Train Epoch: 1 [ 64/437 (8%)] Data (t): 0.000 Batch (t): 1.686 LR: 0.000000 Loss: 377.01 (377.01) Sinkhorn_loss: 376.47 (376.47) Bg_contrastive_loss: 0.54255 (0.54255)
2026-02-11,11:24:37 | INFO | Train Epoch: 1 [832/437 (100%)] Data (t): 0.000 Batch (t): 0.415 LR: 0.000000 Loss: 344.30 (360.66) Sinkhorn_loss: 343.77 (360.12) Bg_contrastive_loss: 0.52553 (0.53404)
2026-02-11,11:24:45 | INFO | Start epoch 2
2026-02-11,11:24:46 | INFO | Train Epoch: 2 [ 64/437 (8%)] Data (t): 0.000 Batch (t): 1.490 LR: 0.000000 Loss: 325.61 (325.61) Sinkhorn_loss: 325.06 (325.06) Bg_contrastive_loss: 0.55027 (0.55027)
2026-02-11,11:24:50 | INFO | Train Epoch: 2 [832/437 (100%)] Data (t): 0.000 Batch (t): 0.394 LR: 0.000000 Loss: 260.43 (293.02) Sinkhorn_loss: 259.91 (292.49) Bg_contrastive_loss: 0.51254 (0.53140)
2026-02-11,11:24:55 | INFO | Start epoch 3
2026-02-11,11:24:56 | INFO | Train Epoch: 3 [ 64/437 (8%)] Data (t): 0.000 Batch (t): 1.447 LR: 0.000000 Loss: 434.06 (434.06) Sinkhorn_loss: 433.52 (433.52) Bg_contrastive_loss: 0.53415 (0.53415)
2026-02-11,11:25:00 | INFO | Train Epoch: 3 [832/437 (100%)] Data (t): 0.000 Batch (t): 0.386 LR: 0.000000 Loss: 313.42 (373.74) Sinkhorn_loss: 312.91 (373.22) Bg_contrastive_loss: 0.50978 (0.52196)
2026-02-11,11:25:06 | INFO | Start epoch 4
2026-02-11,11:25:07 | INFO | Train Epoch: 4 [ 64/437 (8%)] Data (t): 0.000 Batch (t): 1.484 LR: 0.000000 Loss: 320.31 (320.31) Sinkhorn_loss: 319.74 (319.74) Bg_contrastive_loss: 0.57209 (0.57209)
2026-02-11,11:25:11 | INFO | Train Epoch: 4 [832/437 (100%)] Data (t): 0.000 Batch (t): 0.399 LR: 0.000000 Loss: 362.02 (341.17) Sinkhorn_loss: 361.49 (340.61) Bg_contrastive_loss: 0.53677 (0.55443)
2026-02-11,11:25:18 | INFO | Start epoch 5
2026-02-11,11:25:19 | INFO | Train Epoch: 5 [ 64/437 (8%)] Data (t): 0.000 Batch (t): 1.438 LR: 0.000000 Loss: 268.93 (268.93) Sinkhorn_loss: 268.41 (268.41) Bg_contrastive_loss: 0.51577 (0.51577)
2026-02-11,11:25:23 | INFO | Train Epoch: 5 [832/437 (100%)] Data (t): 0.000 Batch (t): 0.388 LR: 0.000000 Loss: 289.83 (279.38) Sinkhorn_loss: 289.26 (278.84) Bg_contrastive_loss: 0.56446 (0.54011)
2026-02-11,11:25:27 | INFO | Start epoch 6
2026-02-11,11:25:29 | INFO | Train Epoch: 6 [ 64/437 (8%)] Data (t): 0.000 Batch (t): 1.390 LR: 0.000000 Loss: 186.15 (186.15) Sinkhorn_loss: 185.58 (185.58) Bg_contrastive_loss: 0.57122 (0.57122)
2026-02-11,11:25:32 | INFO | Train Epoch: 6 [832/437 (100%)] Data (t): 0.000 Batch (t): 0.394 LR: 0.000000 Loss: 458.08 (322.12) Sinkhorn_loss: 457.54 (321.56) Bg_contrastive_loss: 0.53723 (0.55422)
2026-02-11,11:25:39 | INFO | Start epoch 7
2026-02-11,11:25:40 | INFO | Train Epoch: 7 [ 64/437 (8%)] Data (t): 0.000 Batch (t): 1.412 LR: 0.000000 Loss: 298.94 (298.94) Sinkhorn_loss: 298.35 (298.35) Bg_contrastive_loss: 0.58827 (0.58827)
2026-02-11,11:25:44 | INFO | Train Epoch: 7 [832/437 (100%)] Data (t): 0.000 Batch (t): 0.387 LR: 0.000000 Loss: 315.43 (307.19) Sinkhorn_loss: 314.87 (306.61) Bg_contrastive_loss: 0.56350 (0.57589)
2026-02-11,11:25:50 | INFO | Start epoch 8
2026-02-11,11:25:51 | INFO | Train Epoch: 8 [ 64/437 (8%)] Data (t): 0.000 Batch (t): 1.167 LR: 0.000000 Loss: 262.52 (262.52) Sinkhorn_loss: 261.95 (261.95) Bg_contrastive_loss: 0.57538 (0.57538)
2026-02-11,11:25:55 | INFO | Train Epoch: 8 [832/437 (100%)] Data (t): 0.000 Batch (t): 0.377 LR: 0.000000 Loss: 380.46 (321.49) Sinkhorn_loss: 379.96 (320.95) Bg_contrastive_loss: 0.49932 (0.53735)
2026-02-11,11:26:02 | INFO | Start epoch 9
2026-02-11,11:26:03 | INFO | Train Epoch: 9 [ 64/437 (8%)] Data (t): 0.000 Batch (t): 1.428 LR: 0.000000 Loss: 280.76 (280.76) Sinkhorn_loss: 280.16 (280.16) Bg_contrastive_loss: 0.60395 (0.60395)
2026-02-11,11:26:07 | INFO | Train Epoch: 9 [832/437 (100%)] Data (t): 0.000 Batch (t): 0.398 LR: 0.000000 Loss: 354.96 (317.86) Sinkhorn_loss: 354.45 (317.30) Bg_contrastive_loss: 0.50893 (0.55644)
