2026-02-11,11:55:24 | INFO | Running with a single process. Device cuda.
2026-02-11,11:55:25 | INFO | Loaded hf-hub:microsoft/BiomedCLIP-PubMedBERT_256-vit_base_patch16_224 model config.
2026-02-11,11:55:29 | INFO | Loading pretrained hf-hub:microsoft/BiomedCLIP-PubMedBERT_256-vit_base_patch16_224 weights (/home/woojye2020/.cache/huggingface/hub/models--microsoft--BiomedCLIP-PubMedBERT_256-vit_base_patch16_224/snapshots/9f341de24bfb00180f1b847274256e9b65a3a32e/open_clip_pytorch_model.bin).
2026-02-11,11:55:29 | INFO | Model:
2026-02-11,11:55:29 | INFO | CustomTextCLIP(
  (visual): TimmModel(
    (trunk): VisionTransformer(
      (patch_embed): PatchEmbed(
        (proj): Conv2d(3, 768, kernel_size=(16, 16), stride=(16, 16))
        (norm): Identity()
      )
      (pos_drop): Dropout(p=0.0, inplace=False)
      (patch_drop): Identity()
      (norm_pre): Identity()
      (blocks): Sequential(
        (0): Block(
          (norm1): LayerNorm((768,), eps=1e-06, elementwise_affine=True)
          (attn): Attention(
            (qkv): Linear(in_features=768, out_features=2304, bias=True)
            (q_norm): Identity()
            (k_norm): Identity()
            (attn_drop): Dropout(p=0.0, inplace=False)
            (norm): Identity()
            (proj): Linear(in_features=768, out_features=768, bias=True)
            (proj_drop): Dropout(p=0.0, inplace=False)
          )
          (ls1): Identity()
          (drop_path1): Identity()
          (norm2): LayerNorm((768,), eps=1e-06, elementwise_affine=True)
          (mlp): Mlp(
            (fc1): Linear(in_features=768, out_features=3072, bias=True)
            (act): GELU(approximate='none')
            (drop1): Dropout(p=0.0, inplace=False)
            (norm): Identity()
            (fc2): Linear(in_features=3072, out_features=768, bias=True)
            (drop2): Dropout(p=0.0, inplace=False)
          )
          (ls2): Identity()
          (drop_path2): Identity()
        )
        (1): Block(
          (norm1): LayerNorm((768,), eps=1e-06, elementwise_affine=True)
          (attn): Attention(
            (qkv): Linear(in_features=768, out_features=2304, bias=True)
            (q_norm): Identity()
            (k_norm): Identity()
            (attn_drop): Dropout(p=0.0, inplace=False)
            (norm): Identity()
            (proj): Linear(in_features=768, out_features=768, bias=True)
            (proj_drop): Dropout(p=0.0, inplace=False)
          )
          (ls1): Identity()
          (drop_path1): Identity()
          (norm2): LayerNorm((768,), eps=1e-06, elementwise_affine=True)
          (mlp): Mlp(
            (fc1): Linear(in_features=768, out_features=3072, bias=True)
            (act): GELU(approximate='none')
            (drop1): Dropout(p=0.0, inplace=False)
            (norm): Identity()
            (fc2): Linear(in_features=3072, out_features=768, bias=True)
            (drop2): Dropout(p=0.0, inplace=False)
          )
          (ls2): Identity()
          (drop_path2): Identity()
        )
        (2): Block(
          (norm1): LayerNorm((768,), eps=1e-06, elementwise_affine=True)
          (attn): Attention(
            (qkv): Linear(in_features=768, out_features=2304, bias=True)
            (q_norm): Identity()
            (k_norm): Identity()
            (attn_drop): Dropout(p=0.0, inplace=False)
            (norm): Identity()
            (proj): Linear(in_features=768, out_features=768, bias=True)
            (proj_drop): Dropout(p=0.0, inplace=False)
          )
          (ls1): Identity()
          (drop_path1): Identity()
          (norm2): LayerNorm((768,), eps=1e-06, elementwise_affine=True)
          (mlp): Mlp(
            (fc1): Linear(in_features=768, out_features=3072, bias=True)
            (act): GELU(approximate='none')
            (drop1): Dropout(p=0.0, inplace=False)
            (norm): Identity()
            (fc2): Linear(in_features=3072, out_features=768, bias=True)
            (drop2): Dropout(p=0.0, inplace=False)
          )
          (ls2): Identity()
          (drop_path2): Identity()
        )
        (3): Block(
          (norm1): LayerNorm((768,), eps=1e-06, elementwise_affine=True)
          (attn): Attention(
            (qkv): Linear(in_features=768, out_features=2304, bias=True)
            (q_norm): Identity()
            (k_norm): Identity()
            (attn_drop): Dropout(p=0.0, inplace=False)
            (norm): Identity()
            (proj): Linear(in_features=768, out_features=768, bias=True)
            (proj_drop): Dropout(p=0.0, inplace=False)
          )
          (ls1): Identity()
          (drop_path1): Identity()
          (norm2): LayerNorm((768,), eps=1e-06, elementwise_affine=True)
          (mlp): Mlp(
            (fc1): Linear(in_features=768, out_features=3072, bias=True)
            (act): GELU(approximate='none')
            (drop1): Dropout(p=0.0, inplace=False)
            (norm): Identity()
            (fc2): Linear(in_features=3072, out_features=768, bias=True)
            (drop2): Dropout(p=0.0, inplace=False)
          )
          (ls2): Identity()
          (drop_path2): Identity()
        )
        (4): Block(
          (norm1): LayerNorm((768,), eps=1e-06, elementwise_affine=True)
          (attn): Attention(
            (qkv): Linear(in_features=768, out_features=2304, bias=True)
            (q_norm): Identity()
            (k_norm): Identity()
            (attn_drop): Dropout(p=0.0, inplace=False)
            (norm): Identity()
            (proj): Linear(in_features=768, out_features=768, bias=True)
            (proj_drop): Dropout(p=0.0, inplace=False)
          )
          (ls1): Identity()
          (drop_path1): Identity()
          (norm2): LayerNorm((768,), eps=1e-06, elementwise_affine=True)
          (mlp): Mlp(
            (fc1): Linear(in_features=768, out_features=3072, bias=True)
            (act): GELU(approximate='none')
            (drop1): Dropout(p=0.0, inplace=False)
            (norm): Identity()
            (fc2): Linear(in_features=3072, out_features=768, bias=True)
            (drop2): Dropout(p=0.0, inplace=False)
          )
          (ls2): Identity()
          (drop_path2): Identity()
        )
        (5): Block(
          (norm1): LayerNorm((768,), eps=1e-06, elementwise_affine=True)
          (attn): Attention(
            (qkv): Linear(in_features=768, out_features=2304, bias=True)
            (q_norm): Identity()
            (k_norm): Identity()
            (attn_drop): Dropout(p=0.0, inplace=False)
            (norm): Identity()
            (proj): Linear(in_features=768, out_features=768, bias=True)
            (proj_drop): Dropout(p=0.0, inplace=False)
          )
          (ls1): Identity()
          (drop_path1): Identity()
          (norm2): LayerNorm((768,), eps=1e-06, elementwise_affine=True)
          (mlp): Mlp(
            (fc1): Linear(in_features=768, out_features=3072, bias=True)
            (act): GELU(approximate='none')
            (drop1): Dropout(p=0.0, inplace=False)
            (norm): Identity()
            (fc2): Linear(in_features=3072, out_features=768, bias=True)
            (drop2): Dropout(p=0.0, inplace=False)
          )
          (ls2): Identity()
          (drop_path2): Identity()
        )
        (6): Block(
          (norm1): LayerNorm((768,), eps=1e-06, elementwise_affine=True)
          (attn): Attention(
            (qkv): Linear(in_features=768, out_features=2304, bias=True)
            (q_norm): Identity()
            (k_norm): Identity()
            (attn_drop): Dropout(p=0.0, inplace=False)
            (norm): Identity()
            (proj): Linear(in_features=768, out_features=768, bias=True)
            (proj_drop): Dropout(p=0.0, inplace=False)
          )
          (ls1): Identity()
          (drop_path1): Identity()
          (norm2): LayerNorm((768,), eps=1e-06, elementwise_affine=True)
          (mlp): Mlp(
            (fc1): Linear(in_features=768, out_features=3072, bias=True)
            (act): GELU(approximate='none')
            (drop1): Dropout(p=0.0, inplace=False)
            (norm): Identity()
            (fc2): Linear(in_features=3072, out_features=768, bias=True)
            (drop2): Dropout(p=0.0, inplace=False)
          )
          (ls2): Identity()
          (drop_path2): Identity()
        )
        (7): Block(
          (norm1): LayerNorm((768,), eps=1e-06, elementwise_affine=True)
          (attn): Attention(
            (qkv): Linear(in_features=768, out_features=2304, bias=True)
            (q_norm): Identity()
            (k_norm): Identity()
            (attn_drop): Dropout(p=0.0, inplace=False)
            (norm): Identity()
            (proj): Linear(in_features=768, out_features=768, bias=True)
            (proj_drop): Dropout(p=0.0, inplace=False)
          )
          (ls1): Identity()
          (drop_path1): Identity()
          (norm2): LayerNorm((768,), eps=1e-06, elementwise_affine=True)
          (mlp): Mlp(
            (fc1): Linear(in_features=768, out_features=3072, bias=True)
            (act): GELU(approximate='none')
            (drop1): Dropout(p=0.0, inplace=False)
            (norm): Identity()
            (fc2): Linear(in_features=3072, out_features=768, bias=True)
            (drop2): Dropout(p=0.0, inplace=False)
          )
          (ls2): Identity()
          (drop_path2): Identity()
        )
        (8): Block(
          (norm1): LayerNorm((768,), eps=1e-06, elementwise_affine=True)
          (attn): Attention(
            (qkv): Linear(in_features=768, out_features=2304, bias=True)
            (q_norm): Identity()
            (k_norm): Identity()
            (attn_drop): Dropout(p=0.0, inplace=False)
            (norm): Identity()
            (proj): Linear(in_features=768, out_features=768, bias=True)
            (proj_drop): Dropout(p=0.0, inplace=False)
          )
          (ls1): Identity()
          (drop_path1): Identity()
          (norm2): LayerNorm((768,), eps=1e-06, elementwise_affine=True)
          (mlp): Mlp(
            (fc1): Linear(in_features=768, out_features=3072, bias=True)
            (act): GELU(approximate='none')
            (drop1): Dropout(p=0.0, inplace=False)
            (norm): Identity()
            (fc2): Linear(in_features=3072, out_features=768, bias=True)
            (drop2): Dropout(p=0.0, inplace=False)
          )
          (ls2): Identity()
          (drop_path2): Identity()
        )
        (9): Block(
          (norm1): LayerNorm((768,), eps=1e-06, elementwise_affine=True)
          (attn): Attention(
            (qkv): Linear(in_features=768, out_features=2304, bias=True)
            (q_norm): Identity()
            (k_norm): Identity()
            (attn_drop): Dropout(p=0.0, inplace=False)
            (norm): Identity()
            (proj): Linear(in_features=768, out_features=768, bias=True)
            (proj_drop): Dropout(p=0.0, inplace=False)
          )
          (ls1): Identity()
          (drop_path1): Identity()
          (norm2): LayerNorm((768,), eps=1e-06, elementwise_affine=True)
          (mlp): Mlp(
            (fc1): Linear(in_features=768, out_features=3072, bias=True)
            (act): GELU(approximate='none')
            (drop1): Dropout(p=0.0, inplace=False)
            (norm): Identity()
            (fc2): Linear(in_features=3072, out_features=768, bias=True)
            (drop2): Dropout(p=0.0, inplace=False)
          )
          (ls2): Identity()
          (drop_path2): Identity()
        )
        (10): Block(
          (norm1): LayerNorm((768,), eps=1e-06, elementwise_affine=True)
          (attn): Attention(
            (qkv): Linear(in_features=768, out_features=2304, bias=True)
            (q_norm): Identity()
            (k_norm): Identity()
            (attn_drop): Dropout(p=0.0, inplace=False)
            (norm): Identity()
            (proj): Linear(in_features=768, out_features=768, bias=True)
            (proj_drop): Dropout(p=0.0, inplace=False)
          )
          (ls1): Identity()
          (drop_path1): Identity()
          (norm2): LayerNorm((768,), eps=1e-06, elementwise_affine=True)
          (mlp): Mlp(
            (fc1): Linear(in_features=768, out_features=3072, bias=True)
            (act): GELU(approximate='none')
            (drop1): Dropout(p=0.0, inplace=False)
            (norm): Identity()
            (fc2): Linear(in_features=3072, out_features=768, bias=True)
            (drop2): Dropout(p=0.0, inplace=False)
          )
          (ls2): Identity()
          (drop_path2): Identity()
        )
        (11): Block(
          (norm1): LayerNorm((768,), eps=1e-06, elementwise_affine=True)
          (attn): Attention(
            (qkv): Linear(in_features=768, out_features=2304, bias=True)
            (q_norm): Identity()
            (k_norm): Identity()
            (attn_drop): Dropout(p=0.0, inplace=False)
            (norm): Identity()
            (proj): Linear(in_features=768, out_features=768, bias=True)
            (proj_drop): Dropout(p=0.0, inplace=False)
          )
          (ls1): Identity()
          (drop_path1): Identity()
          (norm2): LayerNorm((768,), eps=1e-06, elementwise_affine=True)
          (mlp): Mlp(
            (fc1): Linear(in_features=768, out_features=3072, bias=True)
            (act): GELU(approximate='none')
            (drop1): Dropout(p=0.0, inplace=False)
            (norm): Identity()
            (fc2): Linear(in_features=3072, out_features=768, bias=True)
            (drop2): Dropout(p=0.0, inplace=False)
          )
          (ls2): Identity()
          (drop_path2): Identity()
        )
      )
      (norm): LayerNorm((768,), eps=1e-06, elementwise_affine=True)
      (fc_norm): Identity()
      (head_drop): Dropout(p=0.0, inplace=False)
      (head): Identity()
    )
    (head): Sequential(
      (drop): Dropout(p=0.0, inplace=False)
      (proj): Linear(in_features=768, out_features=512, bias=False)
    )
  )
  (text): HFTextEncoder(
    (transformer): BertModel(
      (embeddings): BertEmbeddings(
        (word_embeddings): Embedding(30522, 768, padding_idx=0)
        (position_embeddings): Embedding(512, 768)
        (token_type_embeddings): Embedding(2, 768)
        (LayerNorm): LayerNorm((768,), eps=1e-12, elementwise_affine=True)
        (dropout): Dropout(p=0.1, inplace=False)
      )
      (encoder): BertEncoder(
        (layer): ModuleList(
          (0-11): 12 x BertLayer(
            (attention): BertAttention(
              (self): BertSdpaSelfAttention(
                (query): Linear(in_features=768, out_features=768, bias=True)
                (key): Linear(in_features=768, out_features=768, bias=True)
                (value): Linear(in_features=768, out_features=768, bias=True)
                (dropout): Dropout(p=0.1, inplace=False)
              )
              (output): BertSelfOutput(
                (dense): Linear(in_features=768, out_features=768, bias=True)
                (LayerNorm): LayerNorm((768,), eps=1e-12, elementwise_affine=True)
                (dropout): Dropout(p=0.1, inplace=False)
              )
            )
            (intermediate): BertIntermediate(
              (dense): Linear(in_features=768, out_features=3072, bias=True)
              (intermediate_act_fn): GELUActivation()
            )
            (output): BertOutput(
              (dense): Linear(in_features=3072, out_features=768, bias=True)
              (LayerNorm): LayerNorm((768,), eps=1e-12, elementwise_affine=True)
              (dropout): Dropout(p=0.1, inplace=False)
            )
          )
        )
      )
    )
    (pooler): ClsLastHiddenStatePooler()
    (proj): Sequential(
      (0): Linear(in_features=768, out_features=640, bias=False)
      (1): GELU(approximate='none')
      (2): Linear(in_features=640, out_features=512, bias=False)
    )
  )
)
2026-02-11,11:55:29 | INFO | Params:
2026-02-11,11:55:29 | INFO |   accum_freq: 1
2026-02-11,11:55:29 | INFO |   alpha_dhnnce: 0.0
2026-02-11,11:55:29 | INFO |   aug_cfg: {}
2026-02-11,11:55:29 | INFO |   batch_size: 32
2026-02-11,11:55:29 | INFO |   beta1: 0.9
2026-02-11,11:55:29 | INFO |   beta1_dhnnce: 0.15
2026-02-11,11:55:29 | INFO |   beta2: 0.98
2026-02-11,11:55:29 | INFO |   beta2_dhnnce: 0.15
2026-02-11,11:55:29 | INFO |   cache_dir: None
2026-02-11,11:55:29 | INFO |   checkpoint_path: ./logs_finetuning/egobridge_stage1_pos_pos_20260211_115516/checkpoints
2026-02-11,11:55:29 | INFO |   coca_caption_loss_weight: 2.0
2026-02-11,11:55:29 | INFO |   coca_contrastive_loss_weight: 1.0
2026-02-11,11:55:29 | INFO |   contrastive_lambda: 1.0
2026-02-11,11:55:29 | INFO |   copy_codebase: False
2026-02-11,11:55:29 | INFO |   csv_caption_key: title
2026-02-11,11:55:29 | INFO |   csv_img_key: filepath
2026-02-11,11:55:29 | INFO |   csv_separator: 	
2026-02-11,11:55:29 | INFO |   dataset_resampled: False
2026-02-11,11:55:29 | INFO |   dataset_type: egobridge
2026-02-11,11:55:29 | INFO |   ddp_static_graph: False
2026-02-11,11:55:29 | INFO |   debug: False
2026-02-11,11:55:29 | INFO |   delete_previous_checkpoint: False
2026-02-11,11:55:29 | INFO |   device: cuda
2026-02-11,11:55:29 | INFO |   dhn_base_entropy_loss: False
2026-02-11,11:55:29 | INFO |   dhn_entropy_loss: False
2026-02-11,11:55:29 | INFO |   dhn_feature_entropy_loss: False
2026-02-11,11:55:29 | INFO |   dhnnce_loss: False
2026-02-11,11:55:29 | INFO |   dist_backend: None
2026-02-11,11:55:29 | INFO |   dist_url: None
2026-02-11,11:55:29 | INFO |   distill: False
2026-02-11,11:55:29 | INFO |   distill_model: None
2026-02-11,11:55:29 | INFO |   distill_pretrained: None
2026-02-11,11:55:29 | INFO |   distributed: False
2026-02-11,11:55:29 | INFO |   egobridge_mode: stage1
2026-02-11,11:55:29 | INFO |   entropy_weight: 0.0
2026-02-11,11:55:29 | INFO |   epochs: 10
2026-02-11,11:55:29 | INFO |   epochs_cooldown: None
2026-02-11,11:55:29 | INFO |   eps: 1e-06
2026-02-11,11:55:29 | INFO |   force_custom_text: False
2026-02-11,11:55:29 | INFO |   force_image_size: None
2026-02-11,11:55:29 | INFO |   force_patch_dropout: None
2026-02-11,11:55:29 | INFO |   force_quick_gelu: False
2026-02-11,11:55:29 | INFO |   gather_with_grad: False
2026-02-11,11:55:29 | INFO |   grad_checkpointing: False
2026-02-11,11:55:29 | INFO |   grad_clip_norm: None
2026-02-11,11:55:29 | INFO |   horovod: False
2026-02-11,11:55:29 | INFO |   image_interpolation: None
2026-02-11,11:55:29 | INFO |   image_mean: None
2026-02-11,11:55:29 | INFO |   image_resize_mode: None
2026-02-11,11:55:29 | INFO |   image_std: None
2026-02-11,11:55:29 | INFO |   imagenet_v2: None
2026-02-11,11:55:29 | INFO |   imagenet_val: None
2026-02-11,11:55:29 | INFO |   local_loss: False
2026-02-11,11:55:29 | INFO |   local_rank: 0
2026-02-11,11:55:29 | INFO |   lock_image: False
2026-02-11,11:55:29 | INFO |   lock_image_freeze_bn_stats: False
2026-02-11,11:55:29 | INFO |   lock_image_unlocked_groups: 0
2026-02-11,11:55:29 | INFO |   lock_text: True
2026-02-11,11:55:29 | INFO |   lock_text_freeze_layer_norm: False
2026-02-11,11:55:29 | INFO |   lock_text_unlocked_layers: 0
2026-02-11,11:55:29 | INFO |   log_every_n_steps: 100
2026-02-11,11:55:29 | INFO |   log_level: 20
2026-02-11,11:55:29 | INFO |   log_local: False
2026-02-11,11:55:29 | INFO |   log_path: ./logs_finetuning/egobridge_stage1_pos_pos_20260211_115516/out.log
2026-02-11,11:55:29 | INFO |   logs: ./logs_finetuning
2026-02-11,11:55:29 | INFO |   lr: 1e-05
2026-02-11,11:55:29 | INFO |   lr_cooldown_end: 0.0
2026-02-11,11:55:29 | INFO |   lr_cooldown_power: 1.0
2026-02-11,11:55:29 | INFO |   lr_scheduler: cosine
2026-02-11,11:55:29 | INFO |   mask_key: mask_path
2026-02-11,11:55:29 | INFO |   model: hf-hub:microsoft/BiomedCLIP-PubMedBERT_256-vit_base_patch16_224
2026-02-11,11:55:29 | INFO |   name: egobridge_stage1_pos_pos_20260211_115516
2026-02-11,11:55:29 | INFO |   no_set_device_rank: False
2026-02-11,11:55:29 | INFO |   precision: amp
2026-02-11,11:55:29 | INFO |   pretrained: 
2026-02-11,11:55:29 | INFO |   pretrained_image: False
2026-02-11,11:55:29 | INFO |   rank: 0
2026-02-11,11:55:29 | INFO |   remote_sync: None
2026-02-11,11:55:29 | INFO |   remote_sync_frequency: 300
2026-02-11,11:55:29 | INFO |   remote_sync_protocol: s3
2026-02-11,11:55:29 | INFO |   report_to: tensorboard
2026-02-11,11:55:29 | INFO |   resume: None
2026-02-11,11:55:29 | INFO |   save_frequency: 1
2026-02-11,11:55:29 | INFO |   save_most_recent: True
2026-02-11,11:55:29 | INFO |   seed: 0
2026-02-11,11:55:29 | INFO |   siglip: False
2026-02-11,11:55:29 | INFO |   sinkhorn_epsilon: 0.05
2026-02-11,11:55:29 | INFO |   sinkhorn_max_iters: 50
2026-02-11,11:55:29 | INFO |   skip_scheduler: False
2026-02-11,11:55:29 | INFO |   temperature_dhnnce: 0.6
2026-02-11,11:55:29 | INFO |   tensorboard: True
2026-02-11,11:55:29 | INFO |   tensorboard_path: ./logs_finetuning/egobridge_stage1_pos_pos_20260211_115516/tensorboard
2026-02-11,11:55:29 | INFO |   torchcompile: False
2026-02-11,11:55:29 | INFO |   torchscript: False
2026-02-11,11:55:29 | INFO |   trace: False
2026-02-11,11:55:29 | INFO |   train_data: /home/woojye2020/decs_jupyter_lab/MedCLIP-SAMv2/Dataset_BUSI_with_GT
2026-02-11,11:55:29 | INFO |   train_data_upsampling_factors: None
2026-02-11,11:55:29 | INFO |   train_num_samples: None
2026-02-11,11:55:29 | INFO |   use_bn_sync: False
2026-02-11,11:55:29 | INFO |   use_bnb_linear: None
2026-02-11,11:55:29 | INFO |   val_data: None
2026-02-11,11:55:29 | INFO |   val_frequency: 1
2026-02-11,11:55:29 | INFO |   val_num_samples: None
2026-02-11,11:55:29 | INFO |   wandb: False
2026-02-11,11:55:29 | INFO |   wandb_notes: 
2026-02-11,11:55:29 | INFO |   wandb_project_name: open-clip
2026-02-11,11:55:29 | INFO |   warmup: 10000
2026-02-11,11:55:29 | INFO |   wd: 0.1
2026-02-11,11:55:29 | INFO |   workers: 4
2026-02-11,11:55:29 | INFO |   world_size: 1
2026-02-11,11:55:29 | INFO |   zeroshot_frequency: 2
2026-02-11,11:55:31 | INFO | EgoBridgeDataset initialized in stage1 mode.
2026-02-11,11:55:31 | INFO | Found 437 benign images and 133 normal images.
2026-02-11,11:55:31 | INFO | Start epoch 0
2026-02-11,11:55:34 | INFO | Train Epoch: 0 [ 64/437 (8%)] Data (t): 0.000 Batch (t): 2.837 LR: 0.000000 Loss: 0.62459 (0.62459) Sinkhorn_loss: 0.076404 (0.076404) Bg_contrastive_loss: 0.54818 (0.54818)
2026-02-11,11:55:38 | INFO | Train Epoch: 0 [832/437 (100%)] Data (t): 0.000 Batch (t): 0.481 LR: 0.000000 Loss: 0.68309 (0.65384) Sinkhorn_loss: 0.098376 (0.087390) Bg_contrastive_loss: 0.58471 (0.56645)
2026-02-11,11:55:42 | INFO | Start epoch 1
2026-02-11,11:55:44 | INFO | Train Epoch: 1 [ 64/437 (8%)] Data (t): 0.000 Batch (t): 1.483 LR: 0.000000 Loss: 0.64732 (0.64732) Sinkhorn_loss: 0.099998 (0.099998) Bg_contrastive_loss: 0.54732 (0.54732)
2026-02-11,11:55:47 | INFO | Train Epoch: 1 [832/437 (100%)] Data (t): 0.000 Batch (t): 0.370 LR: 0.000000 Loss: 0.62145 (0.63439) Sinkhorn_loss: 0.093528 (0.096763) Bg_contrastive_loss: 0.52793 (0.53763)
2026-02-11,11:55:54 | INFO | Start epoch 2
2026-02-11,11:55:58 | INFO | Train Epoch: 2 [ 64/437 (8%)] Data (t): 0.000 Batch (t): 4.904 LR: 0.000000 Loss: 0.65205 (0.65205) Sinkhorn_loss: 0.098508 (0.098508) Bg_contrastive_loss: 0.55354 (0.55354)
2026-02-11,11:56:11 | INFO | Train Epoch: 2 [832/437 (100%)] Data (t): 0.000 Batch (t): 1.318 LR: 0.000000 Loss: 0.59795 (0.62500) Sinkhorn_loss: 0.087880 (0.093194) Bg_contrastive_loss: 0.51007 (0.53180)
2026-02-11,11:56:32 | INFO | Start epoch 3
2026-02-11,11:56:37 | INFO | Train Epoch: 3 [ 64/437 (8%)] Data (t): 0.000 Batch (t): 4.701 LR: 0.000000 Loss: 0.63710 (0.63710) Sinkhorn_loss: 0.10658 (0.10658) Bg_contrastive_loss: 0.53052 (0.53052)
2026-02-11,11:56:47 | INFO | Train Epoch: 3 [832/437 (100%)] Data (t): 0.000 Batch (t): 1.144 LR: 0.000000 Loss: 0.59699 (0.61704) Sinkhorn_loss: 0.095624 (0.10110) Bg_contrastive_loss: 0.50136 (0.51594)
2026-02-11,11:57:12 | INFO | Start epoch 4
2026-02-11,11:57:19 | INFO | Train Epoch: 4 [ 64/437 (8%)] Data (t): 0.000 Batch (t): 7.437 LR: 0.000000 Loss: 0.65231 (0.65231) Sinkhorn_loss: 0.089223 (0.089223) Bg_contrastive_loss: 0.56308 (0.56308)
2026-02-11,11:57:24 | INFO | Train Epoch: 4 [832/437 (100%)] Data (t): 0.000 Batch (t): 0.964 LR: 0.000000 Loss: 0.61288 (0.63259) Sinkhorn_loss: 0.093623 (0.091423) Bg_contrastive_loss: 0.51925 (0.54117)
2026-02-11,11:57:53 | INFO | Start epoch 5
2026-02-11,11:57:55 | INFO | Train Epoch: 5 [ 64/437 (8%)] Data (t): 0.000 Batch (t): 1.610 LR: 0.000000 Loss: 0.56443 (0.56443) Sinkhorn_loss: 0.069416 (0.069416) Bg_contrastive_loss: 0.49501 (0.49501)
2026-02-11,11:57:58 | INFO | Train Epoch: 5 [832/437 (100%)] Data (t): 0.000 Batch (t): 0.380 LR: 0.000000 Loss: 0.63694 (0.60068) Sinkhorn_loss: 0.10153 (0.085474) Bg_contrastive_loss: 0.53540 (0.51521)
2026-02-11,11:58:16 | INFO | Start epoch 6
2026-02-11,11:58:17 | INFO | Train Epoch: 6 [ 64/437 (8%)] Data (t): 0.000 Batch (t): 1.388 LR: 0.000000 Loss: 0.62152 (0.62152) Sinkhorn_loss: 0.077338 (0.077338) Bg_contrastive_loss: 0.54418 (0.54418)
2026-02-11,11:58:21 | INFO | Train Epoch: 6 [832/437 (100%)] Data (t): 0.000 Batch (t): 0.366 LR: 0.000000 Loss: 0.61582 (0.61867) Sinkhorn_loss: 0.11364 (0.095487) Bg_contrastive_loss: 0.50218 (0.52318)
2026-02-11,11:58:31 | INFO | Start epoch 7
2026-02-11,11:58:33 | INFO | Train Epoch: 7 [ 64/437 (8%)] Data (t): 0.000 Batch (t): 1.354 LR: 0.000000 Loss: 0.63164 (0.63164) Sinkhorn_loss: 0.080123 (0.080123) Bg_contrastive_loss: 0.55151 (0.55151)
2026-02-11,11:58:36 | INFO | Train Epoch: 7 [832/437 (100%)] Data (t): 0.000 Batch (t): 0.366 LR: 0.000000 Loss: 0.60763 (0.61963) Sinkhorn_loss: 0.10011 (0.090114) Bg_contrastive_loss: 0.50752 (0.52952)
2026-02-11,11:58:41 | INFO | Start epoch 8
2026-02-11,11:58:42 | INFO | Train Epoch: 8 [ 64/437 (8%)] Data (t): 0.000 Batch (t): 1.318 LR: 0.000000 Loss: 0.60585 (0.60585) Sinkhorn_loss: 0.082200 (0.082200) Bg_contrastive_loss: 0.52365 (0.52365)
2026-02-11,11:58:46 | INFO | Train Epoch: 8 [832/437 (100%)] Data (t): 0.000 Batch (t): 0.355 LR: 0.000000 Loss: 0.52918 (0.56751) Sinkhorn_loss: 0.10584 (0.094022) Bg_contrastive_loss: 0.42333 (0.47349)
2026-02-11,11:58:51 | INFO | Start epoch 9
2026-02-11,11:58:52 | INFO | Train Epoch: 9 [ 64/437 (8%)] Data (t): 0.000 Batch (t): 1.301 LR: 0.000000 Loss: 0.64864 (0.64864) Sinkhorn_loss: 0.11800 (0.11800) Bg_contrastive_loss: 0.53064 (0.53064)
2026-02-11,11:58:55 | INFO | Train Epoch: 9 [832/437 (100%)] Data (t): 0.000 Batch (t): 0.358 LR: 0.000000 Loss: 0.50917 (0.57890) Sinkhorn_loss: 0.088684 (0.10334) Bg_contrastive_loss: 0.42048 (0.47556)
