/home/woojye2020/.local/lib/python3.12/site-packages/torch/cuda/__init__.py:184: UserWarning: CUDA initialization: Unexpected error from cudaGetDeviceCount(). Did you run some cuda functions before calling NumCudaDevices() that might have already set an error? Error 304: OS call failed or operation not supported on this OS (Triggered internally at /pytorch/c10/cuda/CUDAFunctions.cpp:119.)
  return torch._C._cuda_getDeviceCount() > 0
Asking to truncate to max_length but no maximum length is provided and the model has no predefined maximum length. Default to no truncation.
Loading model from local checkpoint: /home/woojye2020/decs_jupyter_lab/MedCLIP-SAMv2/biomedclip_finetuning/open_clip/src/logs/biomedclip_dpo_udiat_v28/best_params
Model loaded from local checkpoint.
Processor loaded from local checkpoint directory.
Processing 163 pairs...
Processing Row 0: /home/woojye2020/decs_jupyter_lab/MedCLIP-SAMv2/UDIAT2/test_images/000001.png
Processing Row 1: /home/woojye2020/decs_jupyter_lab/MedCLIP-SAMv2/UDIAT2/test_images/000002.png
Processing Row 2: /home/woojye2020/decs_jupyter_lab/MedCLIP-SAMv2/UDIAT2/test_images/000003.png
[10/163] Completed... Current Sim: Pos=0.3139, Neg=0.3388
[20/163] Completed... Current Sim: Pos=0.4293, Neg=0.3653
[30/163] Completed... Current Sim: Pos=0.4255, Neg=0.3747
[40/163] Completed... Current Sim: Pos=0.4445, Neg=0.3829
[50/163] Completed... Current Sim: Pos=0.4479, Neg=0.4247
[60/163] Completed... Current Sim: Pos=0.3867, Neg=0.4038
[70/163] Completed... Current Sim: Pos=0.4936, Neg=0.3803
[80/163] Completed... Current Sim: Pos=0.4022, Neg=0.4562
[90/163] Completed... Current Sim: Pos=0.3195, Neg=0.3837
[100/163] Completed... Current Sim: Pos=0.3044, Neg=0.0425
[110/163] Completed... Current Sim: Pos=0.2147, Neg=0.2386
[120/163] Completed... Current Sim: Pos=0.3864, Neg=0.3463
[130/163] Completed... Current Sim: Pos=0.3137, Neg=0.3707
[140/163] Completed... Current Sim: Pos=0.3813, Neg=0.4421
[150/163] Completed... Current Sim: Pos=0.5319, Neg=0.3552
[160/163] Completed... Current Sim: Pos=0.3701, Neg=0.2407
Results saved to /home/woojye2020/decs_jupyter_lab/MedCLIP-SAMv2/visualize/similarity_scores.csv
Plot saved to /home/woojye2020/decs_jupyter_lab/MedCLIP-SAMv2/visualize/similarity_plot.png
