2026-02-11,11:26:26 | INFO | Running with a single process. Device cuda.
2026-02-11,11:26:28 | INFO | Loaded hf-hub:microsoft/BiomedCLIP-PubMedBERT_256-vit_base_patch16_224 model config.
2026-02-11,11:26:31 | INFO | Loading pretrained hf-hub:microsoft/BiomedCLIP-PubMedBERT_256-vit_base_patch16_224 weights (./logs_finetuning/egobridge_stage1_pos_pos_20260211_112356/checkpoints/epoch_10.pt).
2026-02-11,11:26:34 | INFO | Model:
2026-02-11,11:26:34 | INFO | CustomTextCLIP(
  (visual): TimmModel(
    (trunk): VisionTransformer(
      (patch_embed): PatchEmbed(
        (proj): Conv2d(3, 768, kernel_size=(16, 16), stride=(16, 16))
        (norm): Identity()
      )
      (pos_drop): Dropout(p=0.0, inplace=False)
      (patch_drop): Identity()
      (norm_pre): Identity()
      (blocks): Sequential(
        (0): Block(
          (norm1): LayerNorm((768,), eps=1e-06, elementwise_affine=True)
          (attn): Attention(
            (qkv): Linear(in_features=768, out_features=2304, bias=True)
            (q_norm): Identity()
            (k_norm): Identity()
            (attn_drop): Dropout(p=0.0, inplace=False)
            (norm): Identity()
            (proj): Linear(in_features=768, out_features=768, bias=True)
            (proj_drop): Dropout(p=0.0, inplace=False)
          )
          (ls1): Identity()
          (drop_path1): Identity()
          (norm2): LayerNorm((768,), eps=1e-06, elementwise_affine=True)
          (mlp): Mlp(
            (fc1): Linear(in_features=768, out_features=3072, bias=True)
            (act): GELU(approximate='none')
            (drop1): Dropout(p=0.0, inplace=False)
            (norm): Identity()
            (fc2): Linear(in_features=3072, out_features=768, bias=True)
            (drop2): Dropout(p=0.0, inplace=False)
          )
          (ls2): Identity()
          (drop_path2): Identity()
        )
        (1): Block(
          (norm1): LayerNorm((768,), eps=1e-06, elementwise_affine=True)
          (attn): Attention(
            (qkv): Linear(in_features=768, out_features=2304, bias=True)
            (q_norm): Identity()
            (k_norm): Identity()
            (attn_drop): Dropout(p=0.0, inplace=False)
            (norm): Identity()
            (proj): Linear(in_features=768, out_features=768, bias=True)
            (proj_drop): Dropout(p=0.0, inplace=False)
          )
          (ls1): Identity()
          (drop_path1): Identity()
          (norm2): LayerNorm((768,), eps=1e-06, elementwise_affine=True)
          (mlp): Mlp(
            (fc1): Linear(in_features=768, out_features=3072, bias=True)
            (act): GELU(approximate='none')
            (drop1): Dropout(p=0.0, inplace=False)
            (norm): Identity()
            (fc2): Linear(in_features=3072, out_features=768, bias=True)
            (drop2): Dropout(p=0.0, inplace=False)
          )
          (ls2): Identity()
          (drop_path2): Identity()
        )
        (2): Block(
          (norm1): LayerNorm((768,), eps=1e-06, elementwise_affine=True)
          (attn): Attention(
            (qkv): Linear(in_features=768, out_features=2304, bias=True)
            (q_norm): Identity()
            (k_norm): Identity()
            (attn_drop): Dropout(p=0.0, inplace=False)
            (norm): Identity()
            (proj): Linear(in_features=768, out_features=768, bias=True)
            (proj_drop): Dropout(p=0.0, inplace=False)
          )
          (ls1): Identity()
          (drop_path1): Identity()
          (norm2): LayerNorm((768,), eps=1e-06, elementwise_affine=True)
          (mlp): Mlp(
            (fc1): Linear(in_features=768, out_features=3072, bias=True)
            (act): GELU(approximate='none')
            (drop1): Dropout(p=0.0, inplace=False)
            (norm): Identity()
            (fc2): Linear(in_features=3072, out_features=768, bias=True)
            (drop2): Dropout(p=0.0, inplace=False)
          )
          (ls2): Identity()
          (drop_path2): Identity()
        )
        (3): Block(
          (norm1): LayerNorm((768,), eps=1e-06, elementwise_affine=True)
          (attn): Attention(
            (qkv): Linear(in_features=768, out_features=2304, bias=True)
            (q_norm): Identity()
            (k_norm): Identity()
            (attn_drop): Dropout(p=0.0, inplace=False)
            (norm): Identity()
            (proj): Linear(in_features=768, out_features=768, bias=True)
            (proj_drop): Dropout(p=0.0, inplace=False)
          )
          (ls1): Identity()
          (drop_path1): Identity()
          (norm2): LayerNorm((768,), eps=1e-06, elementwise_affine=True)
          (mlp): Mlp(
            (fc1): Linear(in_features=768, out_features=3072, bias=True)
            (act): GELU(approximate='none')
            (drop1): Dropout(p=0.0, inplace=False)
            (norm): Identity()
            (fc2): Linear(in_features=3072, out_features=768, bias=True)
            (drop2): Dropout(p=0.0, inplace=False)
          )
          (ls2): Identity()
          (drop_path2): Identity()
        )
        (4): Block(
          (norm1): LayerNorm((768,), eps=1e-06, elementwise_affine=True)
          (attn): Attention(
            (qkv): Linear(in_features=768, out_features=2304, bias=True)
            (q_norm): Identity()
            (k_norm): Identity()
            (attn_drop): Dropout(p=0.0, inplace=False)
            (norm): Identity()
            (proj): Linear(in_features=768, out_features=768, bias=True)
            (proj_drop): Dropout(p=0.0, inplace=False)
          )
          (ls1): Identity()
          (drop_path1): Identity()
          (norm2): LayerNorm((768,), eps=1e-06, elementwise_affine=True)
          (mlp): Mlp(
            (fc1): Linear(in_features=768, out_features=3072, bias=True)
            (act): GELU(approximate='none')
            (drop1): Dropout(p=0.0, inplace=False)
            (norm): Identity()
            (fc2): Linear(in_features=3072, out_features=768, bias=True)
            (drop2): Dropout(p=0.0, inplace=False)
          )
          (ls2): Identity()
          (drop_path2): Identity()
        )
        (5): Block(
          (norm1): LayerNorm((768,), eps=1e-06, elementwise_affine=True)
          (attn): Attention(
            (qkv): Linear(in_features=768, out_features=2304, bias=True)
            (q_norm): Identity()
            (k_norm): Identity()
            (attn_drop): Dropout(p=0.0, inplace=False)
            (norm): Identity()
            (proj): Linear(in_features=768, out_features=768, bias=True)
            (proj_drop): Dropout(p=0.0, inplace=False)
          )
          (ls1): Identity()
          (drop_path1): Identity()
          (norm2): LayerNorm((768,), eps=1e-06, elementwise_affine=True)
          (mlp): Mlp(
            (fc1): Linear(in_features=768, out_features=3072, bias=True)
            (act): GELU(approximate='none')
            (drop1): Dropout(p=0.0, inplace=False)
            (norm): Identity()
            (fc2): Linear(in_features=3072, out_features=768, bias=True)
            (drop2): Dropout(p=0.0, inplace=False)
          )
          (ls2): Identity()
          (drop_path2): Identity()
        )
        (6): Block(
          (norm1): LayerNorm((768,), eps=1e-06, elementwise_affine=True)
          (attn): Attention(
            (qkv): Linear(in_features=768, out_features=2304, bias=True)
            (q_norm): Identity()
            (k_norm): Identity()
            (attn_drop): Dropout(p=0.0, inplace=False)
            (norm): Identity()
            (proj): Linear(in_features=768, out_features=768, bias=True)
            (proj_drop): Dropout(p=0.0, inplace=False)
          )
          (ls1): Identity()
          (drop_path1): Identity()
          (norm2): LayerNorm((768,), eps=1e-06, elementwise_affine=True)
          (mlp): Mlp(
            (fc1): Linear(in_features=768, out_features=3072, bias=True)
            (act): GELU(approximate='none')
            (drop1): Dropout(p=0.0, inplace=False)
            (norm): Identity()
            (fc2): Linear(in_features=3072, out_features=768, bias=True)
            (drop2): Dropout(p=0.0, inplace=False)
          )
          (ls2): Identity()
          (drop_path2): Identity()
        )
        (7): Block(
          (norm1): LayerNorm((768,), eps=1e-06, elementwise_affine=True)
          (attn): Attention(
            (qkv): Linear(in_features=768, out_features=2304, bias=True)
            (q_norm): Identity()
            (k_norm): Identity()
            (attn_drop): Dropout(p=0.0, inplace=False)
            (norm): Identity()
            (proj): Linear(in_features=768, out_features=768, bias=True)
            (proj_drop): Dropout(p=0.0, inplace=False)
          )
          (ls1): Identity()
          (drop_path1): Identity()
          (norm2): LayerNorm((768,), eps=1e-06, elementwise_affine=True)
          (mlp): Mlp(
            (fc1): Linear(in_features=768, out_features=3072, bias=True)
            (act): GELU(approximate='none')
            (drop1): Dropout(p=0.0, inplace=False)
            (norm): Identity()
            (fc2): Linear(in_features=3072, out_features=768, bias=True)
            (drop2): Dropout(p=0.0, inplace=False)
          )
          (ls2): Identity()
          (drop_path2): Identity()
        )
        (8): Block(
          (norm1): LayerNorm((768,), eps=1e-06, elementwise_affine=True)
          (attn): Attention(
            (qkv): Linear(in_features=768, out_features=2304, bias=True)
            (q_norm): Identity()
            (k_norm): Identity()
            (attn_drop): Dropout(p=0.0, inplace=False)
            (norm): Identity()
            (proj): Linear(in_features=768, out_features=768, bias=True)
            (proj_drop): Dropout(p=0.0, inplace=False)
          )
          (ls1): Identity()
          (drop_path1): Identity()
          (norm2): LayerNorm((768,), eps=1e-06, elementwise_affine=True)
          (mlp): Mlp(
            (fc1): Linear(in_features=768, out_features=3072, bias=True)
            (act): GELU(approximate='none')
            (drop1): Dropout(p=0.0, inplace=False)
            (norm): Identity()
            (fc2): Linear(in_features=3072, out_features=768, bias=True)
            (drop2): Dropout(p=0.0, inplace=False)
          )
          (ls2): Identity()
          (drop_path2): Identity()
        )
        (9): Block(
          (norm1): LayerNorm((768,), eps=1e-06, elementwise_affine=True)
          (attn): Attention(
            (qkv): Linear(in_features=768, out_features=2304, bias=True)
            (q_norm): Identity()
            (k_norm): Identity()
            (attn_drop): Dropout(p=0.0, inplace=False)
            (norm): Identity()
            (proj): Linear(in_features=768, out_features=768, bias=True)
            (proj_drop): Dropout(p=0.0, inplace=False)
          )
          (ls1): Identity()
          (drop_path1): Identity()
          (norm2): LayerNorm((768,), eps=1e-06, elementwise_affine=True)
          (mlp): Mlp(
            (fc1): Linear(in_features=768, out_features=3072, bias=True)
            (act): GELU(approximate='none')
            (drop1): Dropout(p=0.0, inplace=False)
            (norm): Identity()
            (fc2): Linear(in_features=3072, out_features=768, bias=True)
            (drop2): Dropout(p=0.0, inplace=False)
          )
          (ls2): Identity()
          (drop_path2): Identity()
        )
        (10): Block(
          (norm1): LayerNorm((768,), eps=1e-06, elementwise_affine=True)
          (attn): Attention(
            (qkv): Linear(in_features=768, out_features=2304, bias=True)
            (q_norm): Identity()
            (k_norm): Identity()
            (attn_drop): Dropout(p=0.0, inplace=False)
            (norm): Identity()
            (proj): Linear(in_features=768, out_features=768, bias=True)
            (proj_drop): Dropout(p=0.0, inplace=False)
          )
          (ls1): Identity()
          (drop_path1): Identity()
          (norm2): LayerNorm((768,), eps=1e-06, elementwise_affine=True)
          (mlp): Mlp(
            (fc1): Linear(in_features=768, out_features=3072, bias=True)
            (act): GELU(approximate='none')
            (drop1): Dropout(p=0.0, inplace=False)
            (norm): Identity()
            (fc2): Linear(in_features=3072, out_features=768, bias=True)
            (drop2): Dropout(p=0.0, inplace=False)
          )
          (ls2): Identity()
          (drop_path2): Identity()
        )
        (11): Block(
          (norm1): LayerNorm((768,), eps=1e-06, elementwise_affine=True)
          (attn): Attention(
            (qkv): Linear(in_features=768, out_features=2304, bias=True)
            (q_norm): Identity()
            (k_norm): Identity()
            (attn_drop): Dropout(p=0.0, inplace=False)
            (norm): Identity()
            (proj): Linear(in_features=768, out_features=768, bias=True)
            (proj_drop): Dropout(p=0.0, inplace=False)
          )
          (ls1): Identity()
          (drop_path1): Identity()
          (norm2): LayerNorm((768,), eps=1e-06, elementwise_affine=True)
          (mlp): Mlp(
            (fc1): Linear(in_features=768, out_features=3072, bias=True)
            (act): GELU(approximate='none')
            (drop1): Dropout(p=0.0, inplace=False)
            (norm): Identity()
            (fc2): Linear(in_features=3072, out_features=768, bias=True)
            (drop2): Dropout(p=0.0, inplace=False)
          )
          (ls2): Identity()
          (drop_path2): Identity()
        )
      )
      (norm): LayerNorm((768,), eps=1e-06, elementwise_affine=True)
      (fc_norm): Identity()
      (head_drop): Dropout(p=0.0, inplace=False)
      (head): Identity()
    )
    (head): Sequential(
      (drop): Dropout(p=0.0, inplace=False)
      (proj): Linear(in_features=768, out_features=512, bias=False)
    )
  )
  (text): HFTextEncoder(
    (transformer): BertModel(
      (embeddings): BertEmbeddings(
        (word_embeddings): Embedding(30522, 768, padding_idx=0)
        (position_embeddings): Embedding(512, 768)
        (token_type_embeddings): Embedding(2, 768)
        (LayerNorm): LayerNorm((768,), eps=1e-12, elementwise_affine=True)
        (dropout): Dropout(p=0.1, inplace=False)
      )
      (encoder): BertEncoder(
        (layer): ModuleList(
          (0-11): 12 x BertLayer(
            (attention): BertAttention(
              (self): BertSdpaSelfAttention(
                (query): Linear(in_features=768, out_features=768, bias=True)
                (key): Linear(in_features=768, out_features=768, bias=True)
                (value): Linear(in_features=768, out_features=768, bias=True)
                (dropout): Dropout(p=0.1, inplace=False)
              )
              (output): BertSelfOutput(
                (dense): Linear(in_features=768, out_features=768, bias=True)
                (LayerNorm): LayerNorm((768,), eps=1e-12, elementwise_affine=True)
                (dropout): Dropout(p=0.1, inplace=False)
              )
            )
            (intermediate): BertIntermediate(
              (dense): Linear(in_features=768, out_features=3072, bias=True)
              (intermediate_act_fn): GELUActivation()
            )
            (output): BertOutput(
              (dense): Linear(in_features=3072, out_features=768, bias=True)
              (LayerNorm): LayerNorm((768,), eps=1e-12, elementwise_affine=True)
              (dropout): Dropout(p=0.1, inplace=False)
            )
          )
        )
      )
    )
    (pooler): ClsLastHiddenStatePooler()
    (proj): Sequential(
      (0): Linear(in_features=768, out_features=640, bias=False)
      (1): GELU(approximate='none')
      (2): Linear(in_features=640, out_features=512, bias=False)
    )
  )
)
2026-02-11,11:26:34 | INFO | Params:
2026-02-11,11:26:34 | INFO |   accum_freq: 1
2026-02-11,11:26:34 | INFO |   alpha_dhnnce: 0.0
2026-02-11,11:26:34 | INFO |   aug_cfg: {}
2026-02-11,11:26:34 | INFO |   batch_size: 32
2026-02-11,11:26:34 | INFO |   beta1: 0.9
2026-02-11,11:26:34 | INFO |   beta1_dhnnce: 0.15
2026-02-11,11:26:34 | INFO |   beta2: 0.98
2026-02-11,11:26:34 | INFO |   beta2_dhnnce: 0.15
2026-02-11,11:26:34 | INFO |   cache_dir: None
2026-02-11,11:26:34 | INFO |   checkpoint_path: ./logs_finetuning/egobridge_stage2_pos_neg_20260211_112356/checkpoints
2026-02-11,11:26:34 | INFO |   coca_caption_loss_weight: 2.0
2026-02-11,11:26:34 | INFO |   coca_contrastive_loss_weight: 1.0
2026-02-11,11:26:34 | INFO |   contrastive_lambda: 1.0
2026-02-11,11:26:34 | INFO |   copy_codebase: False
2026-02-11,11:26:34 | INFO |   csv_caption_key: title
2026-02-11,11:26:34 | INFO |   csv_img_key: filepath
2026-02-11,11:26:34 | INFO |   csv_separator: 	
2026-02-11,11:26:34 | INFO |   dataset_resampled: False
2026-02-11,11:26:34 | INFO |   dataset_type: egobridge
2026-02-11,11:26:34 | INFO |   ddp_static_graph: False
2026-02-11,11:26:34 | INFO |   debug: False
2026-02-11,11:26:34 | INFO |   delete_previous_checkpoint: False
2026-02-11,11:26:34 | INFO |   device: cuda
2026-02-11,11:26:34 | INFO |   dhn_base_entropy_loss: False
2026-02-11,11:26:34 | INFO |   dhn_entropy_loss: False
2026-02-11,11:26:34 | INFO |   dhn_feature_entropy_loss: False
2026-02-11,11:26:34 | INFO |   dhnnce_loss: False
2026-02-11,11:26:34 | INFO |   dist_backend: None
2026-02-11,11:26:34 | INFO |   dist_url: None
2026-02-11,11:26:34 | INFO |   distill: False
2026-02-11,11:26:34 | INFO |   distill_model: None
2026-02-11,11:26:34 | INFO |   distill_pretrained: None
2026-02-11,11:26:34 | INFO |   distributed: False
2026-02-11,11:26:34 | INFO |   egobridge_mode: stage2
2026-02-11,11:26:34 | INFO |   entropy_weight: 0.0
2026-02-11,11:26:34 | INFO |   epochs: 10
2026-02-11,11:26:34 | INFO |   epochs_cooldown: None
2026-02-11,11:26:34 | INFO |   eps: 1e-06
2026-02-11,11:26:34 | INFO |   force_custom_text: False
2026-02-11,11:26:34 | INFO |   force_image_size: None
2026-02-11,11:26:34 | INFO |   force_patch_dropout: None
2026-02-11,11:26:34 | INFO |   force_quick_gelu: False
2026-02-11,11:26:34 | INFO |   gather_with_grad: False
2026-02-11,11:26:34 | INFO |   grad_checkpointing: False
2026-02-11,11:26:34 | INFO |   grad_clip_norm: None
2026-02-11,11:26:34 | INFO |   horovod: False
2026-02-11,11:26:34 | INFO |   image_interpolation: None
2026-02-11,11:26:34 | INFO |   image_mean: None
2026-02-11,11:26:34 | INFO |   image_resize_mode: None
2026-02-11,11:26:34 | INFO |   image_std: None
2026-02-11,11:26:34 | INFO |   imagenet_v2: None
2026-02-11,11:26:34 | INFO |   imagenet_val: None
2026-02-11,11:26:34 | INFO |   local_loss: False
2026-02-11,11:26:34 | INFO |   local_rank: 0
2026-02-11,11:26:34 | INFO |   lock_image: False
2026-02-11,11:26:34 | INFO |   lock_image_freeze_bn_stats: False
2026-02-11,11:26:34 | INFO |   lock_image_unlocked_groups: 0
2026-02-11,11:26:34 | INFO |   lock_text: True
2026-02-11,11:26:34 | INFO |   lock_text_freeze_layer_norm: False
2026-02-11,11:26:34 | INFO |   lock_text_unlocked_layers: 0
2026-02-11,11:26:34 | INFO |   log_every_n_steps: 100
2026-02-11,11:26:34 | INFO |   log_level: 20
2026-02-11,11:26:34 | INFO |   log_local: False
2026-02-11,11:26:34 | INFO |   log_path: ./logs_finetuning/egobridge_stage2_pos_neg_20260211_112356/out.log
2026-02-11,11:26:34 | INFO |   logs: ./logs_finetuning
2026-02-11,11:26:34 | INFO |   lr: 1e-06
2026-02-11,11:26:34 | INFO |   lr_cooldown_end: 0.0
2026-02-11,11:26:34 | INFO |   lr_cooldown_power: 1.0
2026-02-11,11:26:34 | INFO |   lr_scheduler: cosine
2026-02-11,11:26:34 | INFO |   mask_key: mask_path
2026-02-11,11:26:34 | INFO |   model: hf-hub:microsoft/BiomedCLIP-PubMedBERT_256-vit_base_patch16_224
2026-02-11,11:26:34 | INFO |   name: egobridge_stage2_pos_neg_20260211_112356
2026-02-11,11:26:34 | INFO |   no_set_device_rank: False
2026-02-11,11:26:34 | INFO |   precision: amp
2026-02-11,11:26:34 | INFO |   pretrained: ./logs_finetuning/egobridge_stage1_pos_pos_20260211_112356/checkpoints/epoch_10.pt
2026-02-11,11:26:34 | INFO |   pretrained_image: False
2026-02-11,11:26:34 | INFO |   rank: 0
2026-02-11,11:26:34 | INFO |   remote_sync: None
2026-02-11,11:26:34 | INFO |   remote_sync_frequency: 300
2026-02-11,11:26:34 | INFO |   remote_sync_protocol: s3
2026-02-11,11:26:34 | INFO |   report_to: tensorboard
2026-02-11,11:26:34 | INFO |   resume: None
2026-02-11,11:26:34 | INFO |   save_frequency: 1
2026-02-11,11:26:34 | INFO |   save_most_recent: True
2026-02-11,11:26:34 | INFO |   seed: 0
2026-02-11,11:26:34 | INFO |   siglip: False
2026-02-11,11:26:34 | INFO |   sinkhorn_epsilon: 0.05
2026-02-11,11:26:34 | INFO |   sinkhorn_max_iters: 50
2026-02-11,11:26:34 | INFO |   skip_scheduler: False
2026-02-11,11:26:34 | INFO |   temperature_dhnnce: 0.6
2026-02-11,11:26:34 | INFO |   tensorboard: True
2026-02-11,11:26:34 | INFO |   tensorboard_path: ./logs_finetuning/egobridge_stage2_pos_neg_20260211_112356/tensorboard
2026-02-11,11:26:34 | INFO |   torchcompile: False
2026-02-11,11:26:34 | INFO |   torchscript: False
2026-02-11,11:26:34 | INFO |   trace: False
2026-02-11,11:26:34 | INFO |   train_data: /home/woojye2020/decs_jupyter_lab/MedCLIP-SAMv2/Dataset_BUSI_with_GT
2026-02-11,11:26:34 | INFO |   train_data_upsampling_factors: None
2026-02-11,11:26:34 | INFO |   train_num_samples: None
2026-02-11,11:26:34 | INFO |   use_bn_sync: False
2026-02-11,11:26:34 | INFO |   use_bnb_linear: None
2026-02-11,11:26:34 | INFO |   val_data: None
2026-02-11,11:26:34 | INFO |   val_frequency: 1
2026-02-11,11:26:34 | INFO |   val_num_samples: None
2026-02-11,11:26:34 | INFO |   wandb: False
2026-02-11,11:26:34 | INFO |   wandb_notes: 
2026-02-11,11:26:34 | INFO |   wandb_project_name: open-clip
2026-02-11,11:26:34 | INFO |   warmup: 10000
2026-02-11,11:26:34 | INFO |   wd: 0.1
2026-02-11,11:26:34 | INFO |   workers: 4
2026-02-11,11:26:34 | INFO |   world_size: 1
2026-02-11,11:26:34 | INFO |   zeroshot_frequency: 2
2026-02-11,11:26:36 | INFO | EgoBridgeDataset initialized in stage2 mode.
2026-02-11,11:26:36 | INFO | Found 437 benign images and 133 normal images.
2026-02-11,11:26:36 | INFO | Start epoch 0
2026-02-11,11:26:39 | INFO | Train Epoch: 0 [ 64/437 (8%)] Data (t): 0.000 Batch (t): 3.242 LR: 0.000000 Loss: 0.46723 (0.46723) Stage2_contrastive_loss: 0.46723 (0.46723)
2026-02-11,11:26:41 | INFO | Train Epoch: 0 [832/437 (100%)] Data (t): 0.000 Batch (t): 0.384 LR: 0.000000 Loss: 0.47766 (0.47245) Stage2_contrastive_loss: 0.47766 (0.47245)
2026-02-11,11:26:45 | INFO | Start epoch 1
2026-02-11,11:26:47 | INFO | Train Epoch: 1 [ 64/437 (8%)] Data (t): 0.000 Batch (t): 1.363 LR: 0.000000 Loss: 0.47303 (0.47303) Stage2_contrastive_loss: 0.47303 (0.47303)
2026-02-11,11:26:49 | INFO | Train Epoch: 1 [832/437 (100%)] Data (t): 0.000 Batch (t): 0.287 LR: 0.000000 Loss: 0.46603 (0.46953) Stage2_contrastive_loss: 0.46603 (0.46953)
2026-02-11,11:26:55 | INFO | Start epoch 2
2026-02-11,11:26:56 | INFO | Train Epoch: 2 [ 64/437 (8%)] Data (t): 0.000 Batch (t): 1.257 LR: 0.000000 Loss: 0.46309 (0.46309) Stage2_contrastive_loss: 0.46309 (0.46309)
2026-02-11,11:26:58 | INFO | Train Epoch: 2 [832/437 (100%)] Data (t): 0.000 Batch (t): 0.273 LR: 0.000000 Loss: 0.44720 (0.45514) Stage2_contrastive_loss: 0.44720 (0.45514)
2026-02-11,11:27:04 | INFO | Start epoch 3
2026-02-11,11:27:06 | INFO | Train Epoch: 3 [ 64/437 (8%)] Data (t): 0.000 Batch (t): 1.187 LR: 0.000000 Loss: 0.45046 (0.45046) Stage2_contrastive_loss: 0.45046 (0.45046)
2026-02-11,11:27:08 | INFO | Train Epoch: 3 [832/437 (100%)] Data (t): 0.000 Batch (t): 0.271 LR: 0.000000 Loss: 0.41397 (0.43222) Stage2_contrastive_loss: 0.41397 (0.43222)
2026-02-11,11:27:14 | INFO | Start epoch 4
2026-02-11,11:27:15 | INFO | Train Epoch: 4 [ 64/437 (8%)] Data (t): 0.000 Batch (t): 1.127 LR: 0.000000 Loss: 0.49166 (0.49166) Stage2_contrastive_loss: 0.49166 (0.49166)
2026-02-11,11:27:17 | INFO | Train Epoch: 4 [832/437 (100%)] Data (t): 0.000 Batch (t): 0.246 LR: 0.000000 Loss: 0.45688 (0.47427) Stage2_contrastive_loss: 0.45688 (0.47427)
2026-02-11,11:27:23 | INFO | Start epoch 5
2026-02-11,11:27:24 | INFO | Train Epoch: 5 [ 64/437 (8%)] Data (t): 0.000 Batch (t): 1.229 LR: 0.000000 Loss: 0.46069 (0.46069) Stage2_contrastive_loss: 0.46069 (0.46069)
2026-02-11,11:27:27 | INFO | Train Epoch: 5 [832/437 (100%)] Data (t): 0.000 Batch (t): 0.278 LR: 0.000000 Loss: 0.47714 (0.46891) Stage2_contrastive_loss: 0.47714 (0.46891)
2026-02-11,11:27:32 | INFO | Start epoch 6
2026-02-11,11:27:34 | INFO | Train Epoch: 6 [ 64/437 (8%)] Data (t): 0.000 Batch (t): 1.153 LR: 0.000000 Loss: 0.49081 (0.49081) Stage2_contrastive_loss: 0.49081 (0.49081)
2026-02-11,11:27:36 | INFO | Train Epoch: 6 [832/437 (100%)] Data (t): 0.000 Batch (t): 0.268 LR: 0.000000 Loss: 0.46539 (0.47810) Stage2_contrastive_loss: 0.46539 (0.47810)
2026-02-11,11:27:42 | INFO | Start epoch 7
2026-02-11,11:27:43 | INFO | Train Epoch: 7 [ 64/437 (8%)] Data (t): 0.000 Batch (t): 1.199 LR: 0.000000 Loss: 0.46381 (0.46381) Stage2_contrastive_loss: 0.46381 (0.46381)
2026-02-11,11:27:45 | INFO | Train Epoch: 7 [832/437 (100%)] Data (t): 0.000 Batch (t): 0.264 LR: 0.000000 Loss: 0.46724 (0.46553) Stage2_contrastive_loss: 0.46724 (0.46553)
2026-02-11,11:27:51 | INFO | Start epoch 8
2026-02-11,11:27:52 | INFO | Train Epoch: 8 [ 64/437 (8%)] Data (t): 0.000 Batch (t): 1.106 LR: 0.000000 Loss: 0.47747 (0.47747) Stage2_contrastive_loss: 0.47747 (0.47747)
2026-02-11,11:27:54 | INFO | Train Epoch: 8 [832/437 (100%)] Data (t): 0.000 Batch (t): 0.267 LR: 0.000000 Loss: 0.43019 (0.45383) Stage2_contrastive_loss: 0.43019 (0.45383)
2026-02-11,11:28:00 | INFO | Start epoch 9
2026-02-11,11:28:01 | INFO | Train Epoch: 9 [ 64/437 (8%)] Data (t): 0.000 Batch (t): 1.281 LR: 0.000000 Loss: 0.51273 (0.51273) Stage2_contrastive_loss: 0.51273 (0.51273)
2026-02-11,11:28:03 | INFO | Train Epoch: 9 [832/437 (100%)] Data (t): 0.000 Batch (t): 0.279 LR: 0.000000 Loss: 0.44566 (0.47919) Stage2_contrastive_loss: 0.44566 (0.47919)
