2026-02-11,11:02:16 | INFO | Running with a single process. Device cuda.
2026-02-11,11:02:18 | INFO | Loaded hf-hub:microsoft/BiomedCLIP-PubMedBERT_256-vit_base_patch16_224 model config.
2026-02-11,11:02:21 | INFO | Loading pretrained hf-hub:microsoft/BiomedCLIP-PubMedBERT_256-vit_base_patch16_224 weights (/home/woojye2020/.cache/huggingface/hub/models--microsoft--BiomedCLIP-PubMedBERT_256-vit_base_patch16_224/snapshots/9f341de24bfb00180f1b847274256e9b65a3a32e/open_clip_pytorch_model.bin).
2026-02-11,11:02:27 | INFO | Model:
2026-02-11,11:02:27 | INFO | CustomTextCLIP(
  (visual): TimmModel(
    (trunk): VisionTransformer(
      (patch_embed): PatchEmbed(
        (proj): Conv2d(3, 768, kernel_size=(16, 16), stride=(16, 16))
        (norm): Identity()
      )
      (pos_drop): Dropout(p=0.0, inplace=False)
      (patch_drop): Identity()
      (norm_pre): Identity()
      (blocks): Sequential(
        (0): Block(
          (norm1): LayerNorm((768,), eps=1e-06, elementwise_affine=True)
          (attn): Attention(
            (qkv): Linear(in_features=768, out_features=2304, bias=True)
            (q_norm): Identity()
            (k_norm): Identity()
            (attn_drop): Dropout(p=0.0, inplace=False)
            (norm): Identity()
            (proj): Linear(in_features=768, out_features=768, bias=True)
            (proj_drop): Dropout(p=0.0, inplace=False)
          )
          (ls1): Identity()
          (drop_path1): Identity()
          (norm2): LayerNorm((768,), eps=1e-06, elementwise_affine=True)
          (mlp): Mlp(
            (fc1): Linear(in_features=768, out_features=3072, bias=True)
            (act): GELU(approximate='none')
            (drop1): Dropout(p=0.0, inplace=False)
            (norm): Identity()
            (fc2): Linear(in_features=3072, out_features=768, bias=True)
            (drop2): Dropout(p=0.0, inplace=False)
          )
          (ls2): Identity()
          (drop_path2): Identity()
        )
        (1): Block(
          (norm1): LayerNorm((768,), eps=1e-06, elementwise_affine=True)
          (attn): Attention(
            (qkv): Linear(in_features=768, out_features=2304, bias=True)
            (q_norm): Identity()
            (k_norm): Identity()
            (attn_drop): Dropout(p=0.0, inplace=False)
            (norm): Identity()
            (proj): Linear(in_features=768, out_features=768, bias=True)
            (proj_drop): Dropout(p=0.0, inplace=False)
          )
          (ls1): Identity()
          (drop_path1): Identity()
          (norm2): LayerNorm((768,), eps=1e-06, elementwise_affine=True)
          (mlp): Mlp(
            (fc1): Linear(in_features=768, out_features=3072, bias=True)
            (act): GELU(approximate='none')
            (drop1): Dropout(p=0.0, inplace=False)
            (norm): Identity()
            (fc2): Linear(in_features=3072, out_features=768, bias=True)
            (drop2): Dropout(p=0.0, inplace=False)
          )
          (ls2): Identity()
          (drop_path2): Identity()
        )
        (2): Block(
          (norm1): LayerNorm((768,), eps=1e-06, elementwise_affine=True)
          (attn): Attention(
            (qkv): Linear(in_features=768, out_features=2304, bias=True)
            (q_norm): Identity()
            (k_norm): Identity()
            (attn_drop): Dropout(p=0.0, inplace=False)
            (norm): Identity()
            (proj): Linear(in_features=768, out_features=768, bias=True)
            (proj_drop): Dropout(p=0.0, inplace=False)
          )
          (ls1): Identity()
          (drop_path1): Identity()
          (norm2): LayerNorm((768,), eps=1e-06, elementwise_affine=True)
          (mlp): Mlp(
            (fc1): Linear(in_features=768, out_features=3072, bias=True)
            (act): GELU(approximate='none')
            (drop1): Dropout(p=0.0, inplace=False)
            (norm): Identity()
            (fc2): Linear(in_features=3072, out_features=768, bias=True)
            (drop2): Dropout(p=0.0, inplace=False)
          )
          (ls2): Identity()
          (drop_path2): Identity()
        )
        (3): Block(
          (norm1): LayerNorm((768,), eps=1e-06, elementwise_affine=True)
          (attn): Attention(
            (qkv): Linear(in_features=768, out_features=2304, bias=True)
            (q_norm): Identity()
            (k_norm): Identity()
            (attn_drop): Dropout(p=0.0, inplace=False)
            (norm): Identity()
            (proj): Linear(in_features=768, out_features=768, bias=True)
            (proj_drop): Dropout(p=0.0, inplace=False)
          )
          (ls1): Identity()
          (drop_path1): Identity()
          (norm2): LayerNorm((768,), eps=1e-06, elementwise_affine=True)
          (mlp): Mlp(
            (fc1): Linear(in_features=768, out_features=3072, bias=True)
            (act): GELU(approximate='none')
            (drop1): Dropout(p=0.0, inplace=False)
            (norm): Identity()
            (fc2): Linear(in_features=3072, out_features=768, bias=True)
            (drop2): Dropout(p=0.0, inplace=False)
          )
          (ls2): Identity()
          (drop_path2): Identity()
        )
        (4): Block(
          (norm1): LayerNorm((768,), eps=1e-06, elementwise_affine=True)
          (attn): Attention(
            (qkv): Linear(in_features=768, out_features=2304, bias=True)
            (q_norm): Identity()
            (k_norm): Identity()
            (attn_drop): Dropout(p=0.0, inplace=False)
            (norm): Identity()
            (proj): Linear(in_features=768, out_features=768, bias=True)
            (proj_drop): Dropout(p=0.0, inplace=False)
          )
          (ls1): Identity()
          (drop_path1): Identity()
          (norm2): LayerNorm((768,), eps=1e-06, elementwise_affine=True)
          (mlp): Mlp(
            (fc1): Linear(in_features=768, out_features=3072, bias=True)
            (act): GELU(approximate='none')
            (drop1): Dropout(p=0.0, inplace=False)
            (norm): Identity()
            (fc2): Linear(in_features=3072, out_features=768, bias=True)
            (drop2): Dropout(p=0.0, inplace=False)
          )
          (ls2): Identity()
          (drop_path2): Identity()
        )
        (5): Block(
          (norm1): LayerNorm((768,), eps=1e-06, elementwise_affine=True)
          (attn): Attention(
            (qkv): Linear(in_features=768, out_features=2304, bias=True)
            (q_norm): Identity()
            (k_norm): Identity()
            (attn_drop): Dropout(p=0.0, inplace=False)
            (norm): Identity()
            (proj): Linear(in_features=768, out_features=768, bias=True)
            (proj_drop): Dropout(p=0.0, inplace=False)
          )
          (ls1): Identity()
          (drop_path1): Identity()
          (norm2): LayerNorm((768,), eps=1e-06, elementwise_affine=True)
          (mlp): Mlp(
            (fc1): Linear(in_features=768, out_features=3072, bias=True)
            (act): GELU(approximate='none')
            (drop1): Dropout(p=0.0, inplace=False)
            (norm): Identity()
            (fc2): Linear(in_features=3072, out_features=768, bias=True)
            (drop2): Dropout(p=0.0, inplace=False)
          )
          (ls2): Identity()
          (drop_path2): Identity()
        )
        (6): Block(
          (norm1): LayerNorm((768,), eps=1e-06, elementwise_affine=True)
          (attn): Attention(
            (qkv): Linear(in_features=768, out_features=2304, bias=True)
            (q_norm): Identity()
            (k_norm): Identity()
            (attn_drop): Dropout(p=0.0, inplace=False)
            (norm): Identity()
            (proj): Linear(in_features=768, out_features=768, bias=True)
            (proj_drop): Dropout(p=0.0, inplace=False)
          )
          (ls1): Identity()
          (drop_path1): Identity()
          (norm2): LayerNorm((768,), eps=1e-06, elementwise_affine=True)
          (mlp): Mlp(
            (fc1): Linear(in_features=768, out_features=3072, bias=True)
            (act): GELU(approximate='none')
            (drop1): Dropout(p=0.0, inplace=False)
            (norm): Identity()
            (fc2): Linear(in_features=3072, out_features=768, bias=True)
            (drop2): Dropout(p=0.0, inplace=False)
          )
          (ls2): Identity()
          (drop_path2): Identity()
        )
        (7): Block(
          (norm1): LayerNorm((768,), eps=1e-06, elementwise_affine=True)
          (attn): Attention(
            (qkv): Linear(in_features=768, out_features=2304, bias=True)
            (q_norm): Identity()
            (k_norm): Identity()
            (attn_drop): Dropout(p=0.0, inplace=False)
            (norm): Identity()
            (proj): Linear(in_features=768, out_features=768, bias=True)
            (proj_drop): Dropout(p=0.0, inplace=False)
          )
          (ls1): Identity()
          (drop_path1): Identity()
          (norm2): LayerNorm((768,), eps=1e-06, elementwise_affine=True)
          (mlp): Mlp(
            (fc1): Linear(in_features=768, out_features=3072, bias=True)
            (act): GELU(approximate='none')
            (drop1): Dropout(p=0.0, inplace=False)
            (norm): Identity()
            (fc2): Linear(in_features=3072, out_features=768, bias=True)
            (drop2): Dropout(p=0.0, inplace=False)
          )
          (ls2): Identity()
          (drop_path2): Identity()
        )
        (8): Block(
          (norm1): LayerNorm((768,), eps=1e-06, elementwise_affine=True)
          (attn): Attention(
            (qkv): Linear(in_features=768, out_features=2304, bias=True)
            (q_norm): Identity()
            (k_norm): Identity()
            (attn_drop): Dropout(p=0.0, inplace=False)
            (norm): Identity()
            (proj): Linear(in_features=768, out_features=768, bias=True)
            (proj_drop): Dropout(p=0.0, inplace=False)
          )
          (ls1): Identity()
          (drop_path1): Identity()
          (norm2): LayerNorm((768,), eps=1e-06, elementwise_affine=True)
          (mlp): Mlp(
            (fc1): Linear(in_features=768, out_features=3072, bias=True)
            (act): GELU(approximate='none')
            (drop1): Dropout(p=0.0, inplace=False)
            (norm): Identity()
            (fc2): Linear(in_features=3072, out_features=768, bias=True)
            (drop2): Dropout(p=0.0, inplace=False)
          )
          (ls2): Identity()
          (drop_path2): Identity()
        )
        (9): Block(
          (norm1): LayerNorm((768,), eps=1e-06, elementwise_affine=True)
          (attn): Attention(
            (qkv): Linear(in_features=768, out_features=2304, bias=True)
            (q_norm): Identity()
            (k_norm): Identity()
            (attn_drop): Dropout(p=0.0, inplace=False)
            (norm): Identity()
            (proj): Linear(in_features=768, out_features=768, bias=True)
            (proj_drop): Dropout(p=0.0, inplace=False)
          )
          (ls1): Identity()
          (drop_path1): Identity()
          (norm2): LayerNorm((768,), eps=1e-06, elementwise_affine=True)
          (mlp): Mlp(
            (fc1): Linear(in_features=768, out_features=3072, bias=True)
            (act): GELU(approximate='none')
            (drop1): Dropout(p=0.0, inplace=False)
            (norm): Identity()
            (fc2): Linear(in_features=3072, out_features=768, bias=True)
            (drop2): Dropout(p=0.0, inplace=False)
          )
          (ls2): Identity()
          (drop_path2): Identity()
        )
        (10): Block(
          (norm1): LayerNorm((768,), eps=1e-06, elementwise_affine=True)
          (attn): Attention(
            (qkv): Linear(in_features=768, out_features=2304, bias=True)
            (q_norm): Identity()
            (k_norm): Identity()
            (attn_drop): Dropout(p=0.0, inplace=False)
            (norm): Identity()
            (proj): Linear(in_features=768, out_features=768, bias=True)
            (proj_drop): Dropout(p=0.0, inplace=False)
          )
          (ls1): Identity()
          (drop_path1): Identity()
          (norm2): LayerNorm((768,), eps=1e-06, elementwise_affine=True)
          (mlp): Mlp(
            (fc1): Linear(in_features=768, out_features=3072, bias=True)
            (act): GELU(approximate='none')
            (drop1): Dropout(p=0.0, inplace=False)
            (norm): Identity()
            (fc2): Linear(in_features=3072, out_features=768, bias=True)
            (drop2): Dropout(p=0.0, inplace=False)
          )
          (ls2): Identity()
          (drop_path2): Identity()
        )
        (11): Block(
          (norm1): LayerNorm((768,), eps=1e-06, elementwise_affine=True)
          (attn): Attention(
            (qkv): Linear(in_features=768, out_features=2304, bias=True)
            (q_norm): Identity()
            (k_norm): Identity()
            (attn_drop): Dropout(p=0.0, inplace=False)
            (norm): Identity()
            (proj): Linear(in_features=768, out_features=768, bias=True)
            (proj_drop): Dropout(p=0.0, inplace=False)
          )
          (ls1): Identity()
          (drop_path1): Identity()
          (norm2): LayerNorm((768,), eps=1e-06, elementwise_affine=True)
          (mlp): Mlp(
            (fc1): Linear(in_features=768, out_features=3072, bias=True)
            (act): GELU(approximate='none')
            (drop1): Dropout(p=0.0, inplace=False)
            (norm): Identity()
            (fc2): Linear(in_features=3072, out_features=768, bias=True)
            (drop2): Dropout(p=0.0, inplace=False)
          )
          (ls2): Identity()
          (drop_path2): Identity()
        )
      )
      (norm): LayerNorm((768,), eps=1e-06, elementwise_affine=True)
      (fc_norm): Identity()
      (head_drop): Dropout(p=0.0, inplace=False)
      (head): Identity()
    )
    (head): Sequential(
      (drop): Dropout(p=0.0, inplace=False)
      (proj): Linear(in_features=768, out_features=512, bias=False)
    )
  )
  (text): HFTextEncoder(
    (transformer): BertModel(
      (embeddings): BertEmbeddings(
        (word_embeddings): Embedding(30522, 768, padding_idx=0)
        (position_embeddings): Embedding(512, 768)
        (token_type_embeddings): Embedding(2, 768)
        (LayerNorm): LayerNorm((768,), eps=1e-12, elementwise_affine=True)
        (dropout): Dropout(p=0.1, inplace=False)
      )
      (encoder): BertEncoder(
        (layer): ModuleList(
          (0-11): 12 x BertLayer(
            (attention): BertAttention(
              (self): BertSdpaSelfAttention(
                (query): Linear(in_features=768, out_features=768, bias=True)
                (key): Linear(in_features=768, out_features=768, bias=True)
                (value): Linear(in_features=768, out_features=768, bias=True)
                (dropout): Dropout(p=0.1, inplace=False)
              )
              (output): BertSelfOutput(
                (dense): Linear(in_features=768, out_features=768, bias=True)
                (LayerNorm): LayerNorm((768,), eps=1e-12, elementwise_affine=True)
                (dropout): Dropout(p=0.1, inplace=False)
              )
            )
            (intermediate): BertIntermediate(
              (dense): Linear(in_features=768, out_features=3072, bias=True)
              (intermediate_act_fn): GELUActivation()
            )
            (output): BertOutput(
              (dense): Linear(in_features=3072, out_features=768, bias=True)
              (LayerNorm): LayerNorm((768,), eps=1e-12, elementwise_affine=True)
              (dropout): Dropout(p=0.1, inplace=False)
            )
          )
        )
      )
    )
    (pooler): ClsLastHiddenStatePooler()
    (proj): Sequential(
      (0): Linear(in_features=768, out_features=640, bias=False)
      (1): GELU(approximate='none')
      (2): Linear(in_features=640, out_features=512, bias=False)
    )
  )
)
2026-02-11,11:02:27 | INFO | Params:
2026-02-11,11:02:27 | INFO |   accum_freq: 1
2026-02-11,11:02:27 | INFO |   alpha_dhnnce: 0.0
2026-02-11,11:02:27 | INFO |   aug_cfg: {}
2026-02-11,11:02:27 | INFO |   batch_size: 64
2026-02-11,11:02:27 | INFO |   beta1: 0.9
2026-02-11,11:02:27 | INFO |   beta1_dhnnce: 0.15
2026-02-11,11:02:27 | INFO |   beta2: 0.98
2026-02-11,11:02:27 | INFO |   beta2_dhnnce: 0.15
2026-02-11,11:02:27 | INFO |   cache_dir: None
2026-02-11,11:02:27 | INFO |   checkpoint_path: ./logs/2026_02_11-11_02_16-model_hf-hub:microsoft-BiomedCLIP-PubMedBERT_256-vit_base_patch16_224-lr_0.0005-b_64-j_4-p_amp/checkpoints
2026-02-11,11:02:27 | INFO |   coca_caption_loss_weight: 2.0
2026-02-11,11:02:27 | INFO |   coca_contrastive_loss_weight: 1.0
2026-02-11,11:02:27 | INFO |   contrastive_lambda: 1.0
2026-02-11,11:02:27 | INFO |   copy_codebase: False
2026-02-11,11:02:27 | INFO |   csv_caption_key: title
2026-02-11,11:02:27 | INFO |   csv_img_key: filepath
2026-02-11,11:02:27 | INFO |   csv_separator: 	
2026-02-11,11:02:27 | INFO |   dataset_resampled: False
2026-02-11,11:02:27 | INFO |   dataset_type: egobridge
2026-02-11,11:02:27 | INFO |   ddp_static_graph: False
2026-02-11,11:02:27 | INFO |   debug: False
2026-02-11,11:02:27 | INFO |   delete_previous_checkpoint: False
2026-02-11,11:02:27 | INFO |   device: cuda
2026-02-11,11:02:27 | INFO |   dhn_base_entropy_loss: False
2026-02-11,11:02:27 | INFO |   dhn_entropy_loss: False
2026-02-11,11:02:27 | INFO |   dhn_feature_entropy_loss: False
2026-02-11,11:02:27 | INFO |   dhnnce_loss: False
2026-02-11,11:02:27 | INFO |   dist_backend: None
2026-02-11,11:02:27 | INFO |   dist_url: None
2026-02-11,11:02:27 | INFO |   distill: False
2026-02-11,11:02:27 | INFO |   distill_model: None
2026-02-11,11:02:27 | INFO |   distill_pretrained: None
2026-02-11,11:02:27 | INFO |   distributed: False
2026-02-11,11:02:27 | INFO |   egobridge_mode: stage1
2026-02-11,11:02:27 | INFO |   entropy_weight: 0.0
2026-02-11,11:02:27 | INFO |   epochs: 32
2026-02-11,11:02:27 | INFO |   epochs_cooldown: None
2026-02-11,11:02:27 | INFO |   eps: 1e-06
2026-02-11,11:02:27 | INFO |   force_custom_text: False
2026-02-11,11:02:27 | INFO |   force_image_size: None
2026-02-11,11:02:27 | INFO |   force_patch_dropout: None
2026-02-11,11:02:27 | INFO |   force_quick_gelu: False
2026-02-11,11:02:27 | INFO |   gather_with_grad: False
2026-02-11,11:02:27 | INFO |   grad_checkpointing: False
2026-02-11,11:02:27 | INFO |   grad_clip_norm: None
2026-02-11,11:02:27 | INFO |   horovod: False
2026-02-11,11:02:27 | INFO |   image_interpolation: None
2026-02-11,11:02:27 | INFO |   image_mean: None
2026-02-11,11:02:27 | INFO |   image_resize_mode: None
2026-02-11,11:02:27 | INFO |   image_std: None
2026-02-11,11:02:27 | INFO |   imagenet_v2: None
2026-02-11,11:02:27 | INFO |   imagenet_val: None
2026-02-11,11:02:27 | INFO |   local_loss: False
2026-02-11,11:02:27 | INFO |   local_rank: 0
2026-02-11,11:02:27 | INFO |   lock_image: False
2026-02-11,11:02:27 | INFO |   lock_image_freeze_bn_stats: False
2026-02-11,11:02:27 | INFO |   lock_image_unlocked_groups: 0
2026-02-11,11:02:27 | INFO |   lock_text: False
2026-02-11,11:02:27 | INFO |   lock_text_freeze_layer_norm: False
2026-02-11,11:02:27 | INFO |   lock_text_unlocked_layers: 0
2026-02-11,11:02:27 | INFO |   log_every_n_steps: 100
2026-02-11,11:02:27 | INFO |   log_level: 20
2026-02-11,11:02:27 | INFO |   log_local: False
2026-02-11,11:02:27 | INFO |   log_path: ./logs/2026_02_11-11_02_16-model_hf-hub:microsoft-BiomedCLIP-PubMedBERT_256-vit_base_patch16_224-lr_0.0005-b_64-j_4-p_amp/out.log
2026-02-11,11:02:27 | INFO |   logs: ./logs/
2026-02-11,11:02:27 | INFO |   lr: 0.0005
2026-02-11,11:02:27 | INFO |   lr_cooldown_end: 0.0
2026-02-11,11:02:27 | INFO |   lr_cooldown_power: 1.0
2026-02-11,11:02:27 | INFO |   lr_scheduler: cosine
2026-02-11,11:02:27 | INFO |   mask_key: mask_path
2026-02-11,11:02:27 | INFO |   model: hf-hub:microsoft/BiomedCLIP-PubMedBERT_256-vit_base_patch16_224
2026-02-11,11:02:27 | INFO |   name: 2026_02_11-11_02_16-model_hf-hub:microsoft-BiomedCLIP-PubMedBERT_256-vit_base_patch16_224-lr_0.0005-b_64-j_4-p_amp
2026-02-11,11:02:27 | INFO |   no_set_device_rank: False
2026-02-11,11:02:27 | INFO |   precision: amp
2026-02-11,11:02:27 | INFO |   pretrained: 
2026-02-11,11:02:27 | INFO |   pretrained_image: False
2026-02-11,11:02:27 | INFO |   rank: 0
2026-02-11,11:02:27 | INFO |   remote_sync: None
2026-02-11,11:02:27 | INFO |   remote_sync_frequency: 300
2026-02-11,11:02:27 | INFO |   remote_sync_protocol: s3
2026-02-11,11:02:27 | INFO |   report_to: 
2026-02-11,11:02:27 | INFO |   resume: None
2026-02-11,11:02:27 | INFO |   save_frequency: 1
2026-02-11,11:02:27 | INFO |   save_most_recent: False
2026-02-11,11:02:27 | INFO |   seed: 0
2026-02-11,11:02:27 | INFO |   siglip: False
2026-02-11,11:02:27 | INFO |   sinkhorn_epsilon: 0.05
2026-02-11,11:02:27 | INFO |   sinkhorn_max_iters: 50
2026-02-11,11:02:27 | INFO |   skip_scheduler: False
2026-02-11,11:02:27 | INFO |   temperature_dhnnce: 0.6
2026-02-11,11:02:27 | INFO |   tensorboard: False
2026-02-11,11:02:27 | INFO |   tensorboard_path: 
2026-02-11,11:02:27 | INFO |   torchcompile: False
2026-02-11,11:02:27 | INFO |   torchscript: False
2026-02-11,11:02:27 | INFO |   trace: False
2026-02-11,11:02:27 | INFO |   train_data: /home/woojye2020/decs_jupyter_lab/MedCLIP-SAMv2/Dataset_BUSI_with_GT
2026-02-11,11:02:27 | INFO |   train_data_upsampling_factors: None
2026-02-11,11:02:27 | INFO |   train_num_samples: None
2026-02-11,11:02:27 | INFO |   use_bn_sync: False
2026-02-11,11:02:27 | INFO |   use_bnb_linear: None
2026-02-11,11:02:27 | INFO |   val_data: None
2026-02-11,11:02:27 | INFO |   val_frequency: 1
2026-02-11,11:02:27 | INFO |   val_num_samples: None
2026-02-11,11:02:27 | INFO |   wandb: False
2026-02-11,11:02:27 | INFO |   wandb_notes: 
2026-02-11,11:02:27 | INFO |   wandb_project_name: open-clip
2026-02-11,11:02:27 | INFO |   warmup: 10000
2026-02-11,11:02:27 | INFO |   wd: 0.2
2026-02-11,11:02:27 | INFO |   workers: 4
2026-02-11,11:02:27 | INFO |   world_size: 1
2026-02-11,11:02:27 | INFO |   zeroshot_frequency: 2
2026-02-11,11:02:29 | INFO | EgoBridgeDataset initialized in stage1 mode.
2026-02-11,11:02:29 | INFO | Found 437 benign images and 133 normal images.
2026-02-11,11:02:29 | INFO | Start epoch 0
